12:30:38 | INFO     | Loaded 23287 cohort records
12:30:38 | INFO     | Retrieved 18483 records for LOB: iPhone
12:30:38 | INFO     | Retrieved 18483 records for LOB: iPhone
12:30:38 | INFO     | Generated summary stats for iPhone
12:30:38 | INFO     | Retrieved 1387 records for LOB: iPad
12:30:38 | INFO     | Retrieved 1387 records for LOB: iPad
12:30:38 | INFO     | Generated summary stats for iPad
12:30:38 | INFO     | Retrieved 946 records for LOB: Mac
12:30:38 | INFO     | Retrieved 946 records for LOB: Mac
12:30:38 | INFO     | Generated summary stats for Mac
12:30:38 | INFO     | Retrieved 1419 records for LOB: Watch
12:30:38 | INFO     | Retrieved 1419 records for LOB: Watch
12:30:38 | INFO     | Generated summary stats for Watch
12:30:38 | INFO     | Retrieved 1052 records for LOB: AirPods
12:30:38 | INFO     | Retrieved 1052 records for LOB: AirPods
12:30:38 | INFO     | Generated summary stats for AirPods
12:30:46 | INFO     | Loaded 23287 cohort records
12:30:46 | INFO     | Retrieved 18483 records for LOB: iPhone
12:30:46 | INFO     | Generating iPhone cohort planogram for flagship store
12:30:46 | INFO     | Loaded 23287 cohort records
12:30:46 | INFO     | Retrieved 18483 records for LOB: iPhone
12:30:46 | INFO     | Retrieved 18483 records for LOB: iPhone
12:30:46 | INFO     | Top 6 core products for iPhone: ['iPhone 16', 'iPhone 16 Pro Max', 'iPhone 15', 'iPhone 16 Pro', 'iPhone 16 Plus', 'iPhone 15 Pro Max']
12:30:46 | INFO     | Retrieved 18483 records for LOB: iPhone
12:30:46 | INFO     | Top 8 accessory categories for iPhone: ['Screen Protector', 'Wallet', 'PopSocket', 'Stand', 'Ring Holder', 'Wireless Charger', 'Headphones', 'Cleaning Kit']
12:30:46 | INFO     | Retrieved 18483 records for LOB: iPhone
12:30:46 | INFO     | Created cohort matrix: (8, 6)
12:30:46 | INFO     | Retrieved 18483 records for LOB: iPhone
12:30:46 | INFO     | Retrieved 18483 records for LOB: iPhone
12:30:46 | INFO     | Retrieved top 8 cohort pairs
12:30:46 | INFO     | Retrieved 18483 records for LOB: iPhone
12:30:46 | INFO     | Generated summary stats for iPhone
12:30:48 | INFO     | Saved iPhone cohort planogram: output\cohort_planograms\iphone_cohort_detailed_flagship.png
12:35:15 | INFO     | Loaded 23287 cohort records
12:35:15 | INFO     | Retrieved 18483 records for LOB: iPhone
12:35:15 | INFO     | Generating iPhone cohort planogram for flagship store
12:35:15 | INFO     | Loaded 23287 cohort records
12:35:15 | INFO     | Retrieved 18483 records for LOB: iPhone
12:35:15 | INFO     | Retrieved 18483 records for LOB: iPhone
12:35:15 | INFO     | Top 6 core products for iPhone: ['iPhone 16', 'iPhone 16 Pro Max', 'iPhone 15', 'iPhone 16 Pro', 'iPhone 16 Plus', 'iPhone 15 Pro Max']
12:35:15 | INFO     | Retrieved 18483 records for LOB: iPhone
12:35:15 | INFO     | Top 8 accessory categories for iPhone: ['Screen Protector', 'Wallet', 'PopSocket', 'Stand', 'Ring Holder', 'Wireless Charger', 'Headphones', 'Cleaning Kit']
12:35:15 | INFO     | Retrieved 18483 records for LOB: iPhone
12:35:15 | INFO     | Created cohort matrix: (8, 6)
12:35:15 | INFO     | Retrieved 18483 records for LOB: iPhone
12:35:15 | INFO     | Retrieved 18483 records for LOB: iPhone
12:35:15 | INFO     | Retrieved top 8 cohort pairs
12:35:15 | INFO     | Retrieved 18483 records for LOB: iPhone
12:35:15 | INFO     | Generated summary stats for iPhone
12:35:15 | INFO     | Retrieved 18483 records for LOB: iPhone
12:35:15 | INFO     | Retrieved 18483 records for LOB: iPhone
12:35:15 | INFO     | Retrieved 18483 records for LOB: iPhone
12:35:15 | INFO     | Retrieved 18483 records for LOB: iPhone
12:35:15 | INFO     | Retrieved 18483 records for LOB: iPhone
12:35:15 | INFO     | Retrieved 18483 records for LOB: iPhone
12:35:15 | INFO     | Retrieved 18483 records for LOB: iPhone
12:35:15 | INFO     | Retrieved 18483 records for LOB: iPhone
12:35:15 | INFO     | Retrieved 18483 records for LOB: iPhone
12:35:15 | INFO     | Retrieved 18483 records for LOB: iPhone
12:35:15 | INFO     | Retrieved 18483 records for LOB: iPhone
12:35:15 | INFO     | Retrieved 18483 records for LOB: iPhone
12:35:15 | INFO     | Retrieved 18483 records for LOB: iPhone
12:35:15 | INFO     | Retrieved 18483 records for LOB: iPhone
12:35:15 | INFO     | Retrieved 18483 records for LOB: iPhone
12:35:15 | INFO     | Retrieved 18483 records for LOB: iPhone
12:35:15 | INFO     | Retrieved 18483 records for LOB: iPhone
12:35:15 | INFO     | Retrieved 18483 records for LOB: iPhone
12:35:15 | INFO     | Retrieved 18483 records for LOB: iPhone
12:35:15 | INFO     | Retrieved 18483 records for LOB: iPhone
12:35:15 | INFO     | Retrieved 18483 records for LOB: iPhone
12:35:15 | INFO     | Retrieved 18483 records for LOB: iPhone
12:35:15 | INFO     | Retrieved 18483 records for LOB: iPhone
12:35:15 | INFO     | Retrieved 18483 records for LOB: iPhone
12:35:15 | INFO     | Retrieved 18483 records for LOB: iPhone
12:35:15 | INFO     | Retrieved 18483 records for LOB: iPhone
12:35:15 | INFO     | Retrieved 18483 records for LOB: iPhone
12:35:15 | INFO     | Retrieved 18483 records for LOB: iPhone
12:35:15 | INFO     | Retrieved 18483 records for LOB: iPhone
12:35:15 | INFO     | Retrieved 18483 records for LOB: iPhone
12:35:15 | INFO     | Retrieved 18483 records for LOB: iPhone
12:35:15 | INFO     | Retrieved 18483 records for LOB: iPhone
12:35:15 | INFO     | Retrieved 18483 records for LOB: iPhone
12:35:15 | INFO     | Retrieved 18483 records for LOB: iPhone
12:35:15 | INFO     | Retrieved 18483 records for LOB: iPhone
12:35:15 | INFO     | Retrieved 18483 records for LOB: iPhone
12:35:16 | INFO     | Retrieved 18483 records for LOB: iPhone
12:35:16 | INFO     | Retrieved 18483 records for LOB: iPhone
12:35:16 | INFO     | Retrieved 18483 records for LOB: iPhone
12:35:16 | INFO     | Retrieved 18483 records for LOB: iPhone
12:35:16 | INFO     | Retrieved 18483 records for LOB: iPhone
12:35:16 | INFO     | Retrieved 18483 records for LOB: iPhone
12:35:16 | INFO     | Retrieved 18483 records for LOB: iPhone
12:35:16 | INFO     | Retrieved 18483 records for LOB: iPhone
12:35:16 | INFO     | Retrieved 18483 records for LOB: iPhone
12:35:16 | INFO     | Retrieved 18483 records for LOB: iPhone
12:35:16 | INFO     | Retrieved 18483 records for LOB: iPhone
12:35:16 | INFO     | Retrieved 18483 records for LOB: iPhone
12:35:18 | INFO     | Saved iPhone cohort planogram: output\cohort_planograms\iphone_cohort_detailed_flagship.png
12:40:35 | INFO     | Loaded 23287 cohort records
12:40:35 | INFO     | Retrieved 18483 records for LOB: iPhone
12:40:35 | INFO     | Generating iPhone cohort planogram for flagship store
12:40:35 | INFO     | Loaded 23287 cohort records
12:40:35 | INFO     | Retrieved 18483 records for LOB: iPhone
12:40:35 | INFO     | Retrieved 18483 records for LOB: iPhone
12:40:35 | INFO     | Top 6 core products for iPhone: ['iPhone 16', 'iPhone 16 Pro Max', 'iPhone 15', 'iPhone 16 Pro', 'iPhone 16 Plus', 'iPhone 15 Pro Max']
12:40:35 | INFO     | Retrieved 18483 records for LOB: iPhone
12:40:35 | INFO     | Top 8 accessory categories for iPhone: ['Screen Protector', 'Wallet', 'PopSocket', 'Stand', 'Ring Holder', 'Wireless Charger', 'Headphones', 'Cleaning Kit']
12:40:35 | INFO     | Retrieved 18483 records for LOB: iPhone
12:40:35 | INFO     | Created cohort matrix: (8, 6)
12:40:35 | INFO     | Retrieved 18483 records for LOB: iPhone
12:40:35 | INFO     | Retrieved 18483 records for LOB: iPhone
12:40:35 | INFO     | Retrieved top 8 cohort pairs
12:40:35 | INFO     | Retrieved 18483 records for LOB: iPhone
12:40:35 | INFO     | Generated summary stats for iPhone
12:40:37 | INFO     | Saved iPhone cohort planogram: output\cohort_planograms\iphone_cohort_detailed_flagship.png
12:40:37 | INFO     | Generating detailed product list for iPhone cohort combinations
12:40:37 | INFO     | Retrieved 18483 records for LOB: iPhone
12:40:38 | INFO     | Generated detailed product list: output\cohort_planograms\iphone_cohort_products_flagship.txt
12:53:35 | INFO     | Loaded 23287 cohort records
12:53:35 | INFO     | Retrieved 18483 records for LOB: iPhone
12:53:35 | INFO     | Generating iPhone cohort planogram for flagship store
12:53:35 | INFO     | Loaded 23287 cohort records
12:53:35 | INFO     | Retrieved 18483 records for LOB: iPhone
12:53:35 | INFO     | Retrieved 18483 records for LOB: iPhone
12:53:35 | INFO     | Top 6 core products for iPhone: ['iPhone 16', 'iPhone 16 Pro Max', 'iPhone 15', 'iPhone 16 Pro', 'iPhone 16 Plus', 'iPhone 15 Pro Max']
12:53:35 | INFO     | Retrieved 18483 records for LOB: iPhone
12:53:35 | INFO     | Top 8 accessory categories for iPhone: ['Screen Protector', 'Wallet', 'PopSocket', 'Stand', 'Ring Holder', 'Wireless Charger', 'Headphones', 'Cleaning Kit']
12:53:35 | INFO     | Retrieved 18483 records for LOB: iPhone
12:53:35 | INFO     | Created cohort matrix: (8, 6)
12:53:35 | INFO     | Retrieved 18483 records for LOB: iPhone
12:53:35 | INFO     | Retrieved 18483 records for LOB: iPhone
12:53:35 | INFO     | Retrieved top 8 cohort pairs
12:53:35 | INFO     | Retrieved 18483 records for LOB: iPhone
12:53:35 | INFO     | Generated summary stats for iPhone
12:53:38 | INFO     | Saved iPhone cohort planogram: output\cohort_planograms\iphone_cohort_detailed_flagship.png
12:53:38 | INFO     | Generating detailed product list for iPhone cohort combinations
12:53:38 | INFO     | Retrieved 18483 records for LOB: iPhone
12:53:38 | INFO     | Generated detailed product list: output\cohort_planograms\iphone_cohort_products_flagship.txt
14:10:56 | ERROR    | Error in cohort planogram generation: unexpected indent (iphone_cohort.py, line 322)
Traceback (most recent call last):
  File "C:\Users\Shivansh Pal\Desktop\Planogram_Project\cohort_planogram.py", line 41, in main
    from cohort_planogram.runner import CohortPlanogramRunner
  File "C:\Users\Shivansh Pal\Desktop\Planogram_Project\src\cohort_planogram\__init__.py", line 20, in <module>
    from .runner import CohortPlanogramRunner
  File "C:\Users\Shivansh Pal\Desktop\Planogram_Project\src\cohort_planogram\runner.py", line 12, in <module>
    from .iphone_cohort import iPhoneCohortPlanogram
  File "C:\Users\Shivansh Pal\Desktop\Planogram_Project\src\cohort_planogram\iphone_cohort.py", line 322
    iphone_data = self.data_loader.get_lob_data('iPhone')
IndentationError: unexpected indent
14:11:56 | INFO     | Loaded 23287 cohort records
14:11:56 | INFO     | Retrieved 18483 records for LOB: iPhone
14:11:56 | INFO     | Generating iPhone cohort planogram for flagship store
14:11:56 | INFO     | Loaded 23287 cohort records
14:11:56 | INFO     | Retrieved 18483 records for LOB: iPhone
14:11:56 | INFO     | Retrieved 18483 records for LOB: iPhone
14:11:56 | INFO     | Top 6 core products for iPhone: ['iPhone 16', 'iPhone 16 Pro Max', 'iPhone 15', 'iPhone 16 Pro', 'iPhone 16 Plus', 'iPhone 15 Pro Max']
14:11:56 | INFO     | Retrieved 18483 records for LOB: iPhone
14:11:56 | INFO     | Top 8 accessory categories for iPhone: ['Screen Protector', 'Wallet', 'PopSocket', 'Stand', 'Ring Holder', 'Wireless Charger', 'Headphones', 'Cleaning Kit']
14:11:56 | INFO     | Retrieved 18483 records for LOB: iPhone
14:11:56 | INFO     | Created cohort matrix: (8, 6)
14:11:56 | INFO     | Retrieved 18483 records for LOB: iPhone
14:11:56 | INFO     | Retrieved 18483 records for LOB: iPhone
14:11:56 | INFO     | Retrieved top 8 cohort pairs
14:11:56 | INFO     | Retrieved 18483 records for LOB: iPhone
14:11:56 | INFO     | Generated summary stats for iPhone
14:14:16 | INFO     | Loaded 23287 cohort records
14:14:16 | INFO     | Retrieved 18483 records for LOB: iPhone
14:14:16 | INFO     | Generating iPhone cohort planogram for flagship store
14:14:16 | INFO     | Loaded 23287 cohort records
14:14:16 | INFO     | Retrieved 18483 records for LOB: iPhone
14:14:16 | INFO     | Retrieved 18483 records for LOB: iPhone
14:14:16 | INFO     | Top 6 core products for iPhone: ['iPhone 16', 'iPhone 16 Pro Max', 'iPhone 15', 'iPhone 16 Pro', 'iPhone 16 Plus', 'iPhone 15 Pro Max']
14:14:16 | INFO     | Retrieved 18483 records for LOB: iPhone
14:14:16 | INFO     | Top 8 accessory categories for iPhone: ['Screen Protector', 'Wallet', 'PopSocket', 'Stand', 'Ring Holder', 'Wireless Charger', 'Headphones', 'Cleaning Kit']
14:14:16 | INFO     | Retrieved 18483 records for LOB: iPhone
14:14:16 | INFO     | Created cohort matrix: (8, 6)
14:14:16 | INFO     | Retrieved 18483 records for LOB: iPhone
14:14:16 | INFO     | Retrieved 18483 records for LOB: iPhone
14:14:16 | INFO     | Retrieved top 8 cohort pairs
14:14:16 | INFO     | Retrieved 18483 records for LOB: iPhone
14:14:16 | INFO     | Generated summary stats for iPhone
14:15:14 | INFO     | 🎯 Starting cohort planogram generation for iPhone - flagship
14:15:14 | INFO     | Loaded 23287 cohort records
14:15:14 | INFO     | Retrieved 18483 records for LOB: iPhone
14:15:14 | INFO     | Generating iPhone cohort planogram for flagship store
14:15:14 | INFO     | Loaded 23287 cohort records
14:15:14 | INFO     | Retrieved 18483 records for LOB: iPhone
14:15:14 | INFO     | Retrieved 18483 records for LOB: iPhone
14:15:14 | INFO     | Top 6 core products for iPhone: ['iPhone 16', 'iPhone 16 Pro Max', 'iPhone 15', 'iPhone 16 Pro', 'iPhone 16 Plus', 'iPhone 15 Pro Max']
14:15:14 | INFO     | Retrieved 18483 records for LOB: iPhone
14:15:14 | INFO     | Top 8 accessory categories for iPhone: ['Screen Protector', 'Wallet', 'PopSocket', 'Stand', 'Ring Holder', 'Wireless Charger', 'Headphones', 'Cleaning Kit']
14:15:14 | INFO     | Retrieved 18483 records for LOB: iPhone
14:15:14 | INFO     | Created cohort matrix: (8, 6)
14:15:14 | INFO     | Retrieved 18483 records for LOB: iPhone
14:15:14 | INFO     | Retrieved 18483 records for LOB: iPhone
14:15:14 | INFO     | Retrieved top 8 cohort pairs
14:15:14 | INFO     | Retrieved 18483 records for LOB: iPhone
14:15:14 | INFO     | Generated summary stats for iPhone
14:15:14 | ERROR    | ❌ Error generating cohort planogram: 'iPhoneCohortPlanogram' object has no attribute 'text_color'
Traceback (most recent call last):
  File "C:\Users\Shivansh Pal\Desktop\Planogram_Project\src\cohort_planogram\runner.py", line 60, in generate_cohort_planogram
    output_path = generator.generate_cohort_planogram(store_type)
                  ^^^^^^^^^^^^^^^^^^^^^^^^^^^^^^^^^^^^^^^^^^^^^^^
  File "C:\Users\Shivansh Pal\Desktop\Planogram_Project\src\cohort_planogram\iphone_cohort.py", line 58, in generate_cohort_planogram
    self._add_insights_panel(ax, top_cohort_pairs, summary_stats, x_pos=20, y_pos=90)
  File "C:\Users\Shivansh Pal\Desktop\Planogram_Project\src\cohort_planogram\iphone_cohort.py", line 264, in _add_insights_panel
    ax.text(x_pos, y_pos + 55, "Top Cohort Pairs:", fontsize=11, fontweight='bold', color=self.text_color, ha='left')
                                                                                          ^^^^^^^^^^^^^^^
AttributeError: 'iPhoneCohortPlanogram' object has no attribute 'text_color'
14:15:57 | INFO     | 🎯 Starting cohort planogram generation for iPhone - flagship
14:15:57 | INFO     | Loaded 23287 cohort records
14:15:57 | INFO     | Retrieved 18483 records for LOB: iPhone
14:15:57 | INFO     | Generating iPhone cohort planogram for flagship store
14:15:57 | INFO     | Loaded 23287 cohort records
14:15:57 | INFO     | Retrieved 18483 records for LOB: iPhone
14:15:57 | INFO     | Retrieved 18483 records for LOB: iPhone
14:15:57 | INFO     | Top 6 core products for iPhone: ['iPhone 16', 'iPhone 16 Pro Max', 'iPhone 15', 'iPhone 16 Pro', 'iPhone 16 Plus', 'iPhone 15 Pro Max']
14:15:57 | INFO     | Retrieved 18483 records for LOB: iPhone
14:15:57 | INFO     | Top 8 accessory categories for iPhone: ['Screen Protector', 'Wallet', 'PopSocket', 'Stand', 'Ring Holder', 'Wireless Charger', 'Headphones', 'Cleaning Kit']
14:15:57 | INFO     | Retrieved 18483 records for LOB: iPhone
14:15:57 | INFO     | Created cohort matrix: (8, 6)
14:15:57 | INFO     | Retrieved 18483 records for LOB: iPhone
14:15:57 | INFO     | Retrieved 18483 records for LOB: iPhone
14:15:57 | INFO     | Retrieved top 8 cohort pairs
14:15:57 | INFO     | Retrieved 18483 records for LOB: iPhone
14:15:57 | INFO     | Generated summary stats for iPhone
14:15:57 | ERROR    | ❌ Error generating cohort planogram: 'total_combinations'
Traceback (most recent call last):
  File "C:\Users\Shivansh Pal\Desktop\Planogram_Project\src\cohort_planogram\runner.py", line 60, in generate_cohort_planogram
    output_path = generator.generate_cohort_planogram(store_type)
                  ^^^^^^^^^^^^^^^^^^^^^^^^^^^^^^^^^^^^^^^^^^^^^^^
  File "C:\Users\Shivansh Pal\Desktop\Planogram_Project\src\cohort_planogram\iphone_cohort.py", line 58, in generate_cohort_planogram
    self._add_insights_panel(ax, top_cohort_pairs, summary_stats, x_pos=20, y_pos=90)
  File "C:\Users\Shivansh Pal\Desktop\Planogram_Project\src\cohort_planogram\iphone_cohort.py", line 273, in _add_insights_panel
    f"Total Combinations: {summary_stats['total_combinations']:,}",
                           ~~~~~~~~~~~~~^^^^^^^^^^^^^^^^^^^^^^
KeyError: 'total_combinations'
14:18:28 | INFO     | 🎯 Starting cohort planogram generation for iPhone - flagship
14:18:28 | INFO     | Loaded 23287 cohort records
14:18:28 | INFO     | Retrieved 18483 records for LOB: iPhone
14:18:28 | INFO     | Generating iPhone cohort planogram for flagship store
14:18:28 | INFO     | Loaded 23287 cohort records
14:18:28 | INFO     | Retrieved 18483 records for LOB: iPhone
14:18:28 | INFO     | Retrieved 18483 records for LOB: iPhone
14:18:28 | INFO     | Top 6 core products for iPhone: ['iPhone 16', 'iPhone 16 Pro Max', 'iPhone 15', 'iPhone 16 Pro', 'iPhone 16 Plus', 'iPhone 15 Pro Max']
14:18:28 | INFO     | Retrieved 18483 records for LOB: iPhone
14:18:28 | INFO     | Top 8 accessory categories for iPhone: ['Screen Protector', 'Wallet', 'PopSocket', 'Stand', 'Ring Holder', 'Wireless Charger', 'Headphones', 'Cleaning Kit']
14:18:28 | INFO     | Retrieved 18483 records for LOB: iPhone
14:18:28 | INFO     | Created cohort matrix: (8, 6)
14:18:28 | INFO     | Retrieved 18483 records for LOB: iPhone
14:18:28 | INFO     | Retrieved 18483 records for LOB: iPhone
14:18:28 | INFO     | Retrieved top 8 cohort pairs
14:18:28 | INFO     | Retrieved 18483 records for LOB: iPhone
14:18:28 | INFO     | Generated summary stats for iPhone
14:18:29 | INFO     | Saved iPhone cohort planogram: output\cohort_planograms\iphone_cohort_detailed_flagship.png
14:18:29 | INFO     | Generating detailed product list for iPhone cohort combinations
14:18:29 | INFO     | Retrieved 18483 records for LOB: iPhone
14:18:29 | INFO     | Generated detailed product list: output\cohort_planograms\iphone_cohort_products_flagship.txt
14:18:29 | INFO     | ✅ Successfully generated cohort planogram: output\cohort_planograms\iphone_cohort_detailed_flagship.png
14:27:25 | INFO     | 🎯 Starting cohort planogram generation for iPhone - flagship
14:27:25 | INFO     | Loaded 23287 cohort records
14:27:25 | INFO     | Retrieved 18483 records for LOB: iPhone
14:27:25 | INFO     | Generating iPhone cohort planogram for flagship store
14:27:25 | INFO     | Loaded 23287 cohort records
14:27:25 | INFO     | Retrieved 18483 records for LOB: iPhone
14:27:25 | INFO     | Retrieved 18483 records for LOB: iPhone
14:27:25 | INFO     | Top 6 core products for iPhone: ['iPhone 16', 'iPhone 16 Pro Max', 'iPhone 15', 'iPhone 16 Pro', 'iPhone 16 Plus', 'iPhone 15 Pro Max']
14:27:25 | INFO     | Retrieved 18483 records for LOB: iPhone
14:27:25 | INFO     | Top 8 accessory categories for iPhone: ['Screen Protector', 'Wallet', 'PopSocket', 'Stand', 'Ring Holder', 'Wireless Charger', 'Headphones', 'Cleaning Kit']
14:27:25 | INFO     | Retrieved 18483 records for LOB: iPhone
14:27:25 | INFO     | Created cohort matrix: (8, 6)
14:27:25 | INFO     | Retrieved 18483 records for LOB: iPhone
14:27:25 | INFO     | Retrieved 18483 records for LOB: iPhone
14:27:25 | INFO     | Retrieved top 8 cohort pairs
14:27:25 | INFO     | Retrieved 18483 records for LOB: iPhone
14:27:25 | INFO     | Generated summary stats for iPhone
14:27:27 | INFO     | Saved iPhone cohort planogram: output\cohort_planograms\iphone_cohort_detailed_flagship.png
14:27:27 | INFO     | Generating detailed product list for iPhone cohort combinations
14:27:27 | INFO     | Retrieved 18483 records for LOB: iPhone
14:27:27 | INFO     | Generated detailed product list: output\cohort_planograms\iphone_cohort_products_flagship.txt
14:27:27 | ERROR    | ❌ Error generating cohort planogram: 'charmap' codec can't encode character '\U0001f4cb' in position 0: character maps to <undefined>
Traceback (most recent call last):
  File "C:\Users\Shivansh Pal\Desktop\Planogram_Project\src\cohort_planogram\runner.py", line 60, in generate_cohort_planogram
    output_path = generator.generate_cohort_planogram(store_type)
  File "C:\Users\Shivansh Pal\Desktop\Planogram_Project\src\cohort_planogram\iphone_cohort.py", line 71, in generate_cohort_planogram
    self._generate_product_list(top_models, top_categories, store_type)
    ~~~~~~~~~~~~~~~~~~~~~~~~~~~^^^^^^^^^^^^^^^^^^^^^^^^^^^^^^^^^^^^^^^^
  File "C:\Users\Shivansh Pal\Desktop\Planogram_Project\src\cohort_planogram\iphone_cohort.py", line 433, in _generate_product_list
    print(f"📋 Detailed product list generated: {output_path}")
    ~~~~~^^^^^^^^^^^^^^^^^^^^^^^^^^^^^^^^^^^^^^^^^^^^^^^^^^^^^^
  File "C:\Python313\Lib\encodings\cp1252.py", line 19, in encode
    return codecs.charmap_encode(input,self.errors,encoding_table)[0]
           ~~~~~~~~~~~~~~~~~~~~~^^^^^^^^^^^^^^^^^^^^^^^^^^^^^^^^^^
UnicodeEncodeError: 'charmap' codec can't encode character '\U0001f4cb' in position 0: character maps to <undefined>
14:27:50 | INFO     | 🎯 Starting cohort planogram generation for iPhone - flagship
14:27:50 | INFO     | Loaded 23287 cohort records
14:27:50 | INFO     | Retrieved 18483 records for LOB: iPhone
14:27:50 | INFO     | Generating iPhone cohort planogram for flagship store
14:27:50 | INFO     | Loaded 23287 cohort records
14:27:50 | INFO     | Retrieved 18483 records for LOB: iPhone
14:27:50 | INFO     | Retrieved 18483 records for LOB: iPhone
14:27:50 | INFO     | Top 6 core products for iPhone: ['iPhone 16', 'iPhone 16 Pro Max', 'iPhone 15', 'iPhone 16 Pro', 'iPhone 16 Plus', 'iPhone 15 Pro Max']
14:27:50 | INFO     | Retrieved 18483 records for LOB: iPhone
14:27:50 | INFO     | Top 8 accessory categories for iPhone: ['Screen Protector', 'Wallet', 'PopSocket', 'Stand', 'Ring Holder', 'Wireless Charger', 'Headphones', 'Cleaning Kit']
14:27:50 | INFO     | Retrieved 18483 records for LOB: iPhone
14:27:50 | INFO     | Created cohort matrix: (8, 6)
14:27:50 | INFO     | Retrieved 18483 records for LOB: iPhone
14:27:50 | INFO     | Retrieved 18483 records for LOB: iPhone
14:27:50 | INFO     | Retrieved top 8 cohort pairs
14:27:50 | INFO     | Retrieved 18483 records for LOB: iPhone
14:27:50 | INFO     | Generated summary stats for iPhone
14:27:52 | INFO     | Saved iPhone cohort planogram: output\cohort_planograms\iphone_cohort_detailed_flagship.png
14:27:52 | INFO     | Generating detailed product list for iPhone cohort combinations
14:27:52 | INFO     | Retrieved 18483 records for LOB: iPhone
14:27:52 | INFO     | Generated detailed product list: output\cohort_planograms\iphone_cohort_products_flagship.txt
14:27:52 | INFO     | ✅ Successfully generated cohort planogram: output\cohort_planograms\iphone_cohort_detailed_flagship.png
14:27:52 | ERROR    | ❌ Error generating cohort planogram: 'charmap' codec can't encode character '\u2705' in position 0: character maps to <undefined>
Traceback (most recent call last):
  File "C:\Users\Shivansh Pal\Desktop\Planogram_Project\src\cohort_planogram\runner.py", line 63, in generate_cohort_planogram
    print(f"✅ Cohort planogram generated: {output_path}")
    ~~~~~^^^^^^^^^^^^^^^^^^^^^^^^^^^^^^^^^^^^^^^^^^^^^^^^^
  File "C:\Python313\Lib\encodings\cp1252.py", line 19, in encode
    return codecs.charmap_encode(input,self.errors,encoding_table)[0]
           ~~~~~~~~~~~~~~~~~~~~~^^^^^^^^^^^^^^^^^^^^^^^^^^^^^^^^^^
UnicodeEncodeError: 'charmap' codec can't encode character '\u2705' in position 0: character maps to <undefined>
14:36:29 | INFO     | 🎯 Starting cohort planogram generation for iPhone - flagship
14:36:29 | INFO     | Loaded 23287 cohort records
14:36:29 | INFO     | Retrieved 18483 records for LOB: iPhone
14:36:29 | INFO     | Generating iPhone cohort planogram for flagship store
14:36:29 | INFO     | Loaded 23287 cohort records
14:36:29 | INFO     | Retrieved 18483 records for LOB: iPhone
14:36:29 | INFO     | Retrieved 18483 records for LOB: iPhone
14:36:29 | INFO     | Top 6 core products for iPhone: ['iPhone 16', 'iPhone 16 Pro Max', 'iPhone 15', 'iPhone 16 Pro', 'iPhone 16 Plus', 'iPhone 15 Pro Max']
14:36:29 | INFO     | Retrieved 18483 records for LOB: iPhone
14:36:29 | INFO     | Top 8 accessory categories for iPhone: ['Screen Protector', 'Wallet', 'PopSocket', 'Stand', 'Ring Holder', 'Wireless Charger', 'Headphones', 'Cleaning Kit']
14:36:29 | INFO     | Retrieved 18483 records for LOB: iPhone
14:36:29 | INFO     | Created cohort matrix: (8, 6)
14:36:29 | INFO     | Retrieved 18483 records for LOB: iPhone
14:36:29 | INFO     | Retrieved 18483 records for LOB: iPhone
14:36:29 | INFO     | Retrieved top 8 cohort pairs
14:36:29 | INFO     | Retrieved 18483 records for LOB: iPhone
14:36:29 | INFO     | Generated summary stats for iPhone
14:36:30 | INFO     | Saved iPhone cohort planogram: output\cohort_planograms\iphone_cohort_detailed_flagship.png
14:36:30 | INFO     | Generating detailed product list for iPhone cohort combinations
14:36:30 | INFO     | Retrieved 18483 records for LOB: iPhone
14:36:30 | INFO     | Generated detailed product list: output\cohort_planograms\iphone_cohort_products_flagship.txt
14:36:30 | INFO     | ✅ Successfully generated cohort planogram: output\cohort_planograms\iphone_cohort_detailed_flagship.png
14:36:30 | ERROR    | ❌ Error generating cohort planogram: 'charmap' codec can't encode character '\u2705' in position 0: character maps to <undefined>
Traceback (most recent call last):
  File "C:\Users\Shivansh Pal\Desktop\Planogram_Project\src\cohort_planogram\runner.py", line 63, in generate_cohort_planogram
    print(f"✅ Cohort planogram generated: {output_path}")
    ~~~~~^^^^^^^^^^^^^^^^^^^^^^^^^^^^^^^^^^^^^^^^^^^^^^^^^
  File "C:\Python313\Lib\encodings\cp1252.py", line 19, in encode
    return codecs.charmap_encode(input,self.errors,encoding_table)[0]
           ~~~~~~~~~~~~~~~~~~~~~^^^^^^^^^^^^^^^^^^^^^^^^^^^^^^^^^^
UnicodeEncodeError: 'charmap' codec can't encode character '\u2705' in position 0: character maps to <undefined>
14:37:40 | INFO     | 🎯 Starting cohort planogram generation for iPhone - flagship
14:37:40 | INFO     | Loaded 23287 cohort records
14:37:40 | INFO     | Retrieved 18483 records for LOB: iPhone
14:37:40 | INFO     | Generating iPhone cohort planogram for flagship store
14:37:40 | INFO     | Loaded 23287 cohort records
14:37:40 | INFO     | Retrieved 18483 records for LOB: iPhone
14:37:40 | INFO     | Retrieved 18483 records for LOB: iPhone
14:37:40 | INFO     | Top 6 core products for iPhone: ['iPhone 16', 'iPhone 16 Pro Max', 'iPhone 15', 'iPhone 16 Pro', 'iPhone 16 Plus', 'iPhone 15 Pro Max']
14:37:40 | INFO     | Retrieved 18483 records for LOB: iPhone
14:37:40 | INFO     | Top 8 accessory categories for iPhone: ['Screen Protector', 'Wallet', 'PopSocket', 'Stand', 'Ring Holder', 'Wireless Charger', 'Headphones', 'Cleaning Kit']
14:37:40 | INFO     | Retrieved 18483 records for LOB: iPhone
14:37:40 | INFO     | Created cohort matrix: (8, 6)
14:37:40 | INFO     | Retrieved 18483 records for LOB: iPhone
14:37:40 | INFO     | Retrieved 18483 records for LOB: iPhone
14:37:40 | INFO     | Retrieved top 8 cohort pairs
14:37:40 | INFO     | Retrieved 18483 records for LOB: iPhone
14:37:40 | INFO     | Generated summary stats for iPhone
14:37:42 | INFO     | Saved iPhone cohort planogram: output\cohort_planograms\iphone_cohort_detailed_flagship.png
14:37:42 | INFO     | Generating detailed product list for iPhone cohort combinations
14:37:42 | INFO     | Retrieved 18483 records for LOB: iPhone
14:37:42 | INFO     | Generated detailed product list: output\cohort_planograms\iphone_cohort_products_flagship.txt
14:37:42 | INFO     | ✅ Successfully generated cohort planogram: output\cohort_planograms\iphone_cohort_detailed_flagship.png
14:37:42 | ERROR    | ❌ Error generating cohort planogram: 'charmap' codec can't encode character '\u2705' in position 0: character maps to <undefined>
Traceback (most recent call last):
  File "C:\Users\Shivansh Pal\Desktop\Planogram_Project\src\cohort_planogram\runner.py", line 63, in generate_cohort_planogram
    print(f"✅ Cohort planogram generated: {output_path}")
    ~~~~~^^^^^^^^^^^^^^^^^^^^^^^^^^^^^^^^^^^^^^^^^^^^^^^^^
  File "C:\Python313\Lib\encodings\cp1252.py", line 19, in encode
    return codecs.charmap_encode(input,self.errors,encoding_table)[0]
           ~~~~~~~~~~~~~~~~~~~~~^^^^^^^^^^^^^^^^^^^^^^^^^^^^^^^^^^
UnicodeEncodeError: 'charmap' codec can't encode character '\u2705' in position 0: character maps to <undefined>
14:52:52 | INFO     | 🎯 Starting cohort planogram generation for iPad - flagship
14:52:52 | INFO     | Loaded 23287 cohort records
14:52:52 | INFO     | Retrieved 1387 records for LOB: iPad
14:52:52 | INFO     | Generating iPad cohort planogram for flagship store
14:52:52 | INFO     | Loaded 23287 cohort records
14:52:52 | INFO     | Retrieved 1387 records for LOB: iPad
14:52:52 | INFO     | Retrieved 1387 records for LOB: iPad
14:52:52 | INFO     | Top 6 core products for iPad: ['iPad Air', 'iPad Pro', 'iPad Standard', 'iPad Mini']
14:52:52 | INFO     | Retrieved 1387 records for LOB: iPad
14:52:52 | INFO     | Top 8 accessory categories for iPad: ['Screen Protector', 'Hub/Adapter', 'Headphones', 'Apple Pencil', 'Cleaning Kit', 'Cable', 'Tracking', 'Charger/Adapter']
14:52:52 | INFO     | Retrieved 1387 records for LOB: iPad
14:52:52 | INFO     | Created cohort matrix: (8, 4)
14:52:52 | INFO     | Retrieved 1387 records for LOB: iPad
14:52:52 | INFO     | Retrieved 1387 records for LOB: iPad
14:52:52 | INFO     | Retrieved top 8 cohort pairs
14:52:52 | INFO     | Retrieved 1387 records for LOB: iPad
14:52:52 | INFO     | Generated summary stats for iPad
14:52:53 | INFO     | Saved iPad cohort planogram: output\cohort_planograms\ipad_cohort_detailed_flagship.png
14:52:53 | INFO     | Generating detailed product list for iPad cohort combinations
14:52:53 | INFO     | Retrieved 1387 records for LOB: iPad
14:52:53 | INFO     | Generated detailed product list: output\cohort_planograms\ipad_cohort_products_flagship.txt
14:52:53 | INFO     | ✅ Successfully generated cohort planogram: output\cohort_planograms\ipad_cohort_detailed_flagship.png
14:52:53 | ERROR    | ❌ Error generating cohort planogram: 'charmap' codec can't encode character '\u2705' in position 0: character maps to <undefined>
Traceback (most recent call last):
  File "C:\Users\Shivansh Pal\Desktop\Planogram_Project\src\cohort_planogram\runner.py", line 65, in generate_cohort_planogram
    print(f"✅ Cohort planogram generated: {output_path}")
    ~~~~~^^^^^^^^^^^^^^^^^^^^^^^^^^^^^^^^^^^^^^^^^^^^^^^^^
  File "C:\Python313\Lib\encodings\cp1252.py", line 19, in encode
    return codecs.charmap_encode(input,self.errors,encoding_table)[0]
           ~~~~~~~~~~~~~~~~~~~~~^^^^^^^^^^^^^^^^^^^^^^^^^^^^^^^^^^
UnicodeEncodeError: 'charmap' codec can't encode character '\u2705' in position 0: character maps to <undefined>
14:53:00 | INFO     | 🎯 Starting cohort planogram generation for Watch - flagship
14:53:00 | INFO     | Loaded 23287 cohort records
14:53:00 | INFO     | Retrieved 1419 records for LOB: Watch
14:53:00 | INFO     | Generating Apple Watch cohort planogram for flagship store
14:53:00 | INFO     | Loaded 23287 cohort records
14:53:00 | INFO     | Retrieved 1419 records for LOB: Watch
14:53:00 | INFO     | Retrieved 1419 records for LOB: Watch
14:53:00 | INFO     | Top 6 core products for Watch: ['Apple Watch Other', 'Apple Watch SE', 'Apple Watch Series', 'Apple Watch Ultra']
14:53:00 | INFO     | Retrieved 1419 records for LOB: Watch
14:53:00 | INFO     | Top 8 accessory categories for Watch: ['Screen Protector', 'Wireless Charger', 'Headphones', 'Cleaning Kit', 'Cable', 'Charger/Adapter', 'Tracking', 'Power Bank']
14:53:00 | INFO     | Retrieved 1419 records for LOB: Watch
14:53:00 | INFO     | Created cohort matrix: (8, 4)
14:53:00 | INFO     | Retrieved 1419 records for LOB: Watch
14:53:00 | INFO     | Retrieved 1419 records for LOB: Watch
14:53:00 | INFO     | Retrieved top 8 cohort pairs
14:53:00 | INFO     | Retrieved 1419 records for LOB: Watch
14:53:00 | INFO     | Generated summary stats for Watch
14:53:02 | INFO     | Saved Watch cohort planogram: output\cohort_planograms\watch_cohort_detailed_flagship.png
14:53:02 | INFO     | Generating detailed product list for Apple Watch cohort combinations
14:53:02 | INFO     | Retrieved 1419 records for LOB: Watch
14:53:02 | INFO     | Generated detailed product list: output\cohort_planograms\watch_cohort_products_flagship.txt
14:53:02 | INFO     | ✅ Successfully generated cohort planogram: output\cohort_planograms\watch_cohort_detailed_flagship.png
14:53:02 | ERROR    | ❌ Error generating cohort planogram: 'charmap' codec can't encode character '\u2705' in position 0: character maps to <undefined>
Traceback (most recent call last):
  File "C:\Users\Shivansh Pal\Desktop\Planogram_Project\src\cohort_planogram\runner.py", line 65, in generate_cohort_planogram
    print(f"✅ Cohort planogram generated: {output_path}")
    ~~~~~^^^^^^^^^^^^^^^^^^^^^^^^^^^^^^^^^^^^^^^^^^^^^^^^^
  File "C:\Python313\Lib\encodings\cp1252.py", line 19, in encode
    return codecs.charmap_encode(input,self.errors,encoding_table)[0]
           ~~~~~~~~~~~~~~~~~~~~~^^^^^^^^^^^^^^^^^^^^^^^^^^^^^^^^^^
UnicodeEncodeError: 'charmap' codec can't encode character '\u2705' in position 0: character maps to <undefined>
14:53:30 | INFO     | 🎯 Starting cohort planogram generation for iPhone - flagship
14:53:30 | INFO     | Loaded 23287 cohort records
14:53:30 | INFO     | Retrieved 18483 records for LOB: iPhone
14:53:30 | INFO     | Generating iPhone cohort planogram for flagship store
14:53:30 | INFO     | Loaded 23287 cohort records
14:53:30 | INFO     | Retrieved 18483 records for LOB: iPhone
14:53:30 | INFO     | Retrieved 18483 records for LOB: iPhone
14:53:30 | INFO     | Top 6 core products for iPhone: ['iPhone 16', 'iPhone 16 Pro Max', 'iPhone 15', 'iPhone 16 Pro', 'iPhone 16 Plus', 'iPhone 15 Pro Max']
14:53:30 | INFO     | Retrieved 18483 records for LOB: iPhone
14:53:30 | INFO     | Top 8 accessory categories for iPhone: ['Screen Protector', 'Wallet', 'PopSocket', 'Stand', 'Ring Holder', 'Wireless Charger', 'Headphones', 'Cleaning Kit']
14:53:30 | INFO     | Retrieved 18483 records for LOB: iPhone
14:53:30 | INFO     | Created cohort matrix: (8, 6)
14:53:30 | INFO     | Retrieved 18483 records for LOB: iPhone
14:53:30 | INFO     | Retrieved 18483 records for LOB: iPhone
14:53:30 | INFO     | Retrieved top 8 cohort pairs
14:53:30 | INFO     | Retrieved 18483 records for LOB: iPhone
14:53:30 | INFO     | Generated summary stats for iPhone
14:53:32 | INFO     | 🎯 Starting cohort planogram generation for iPhone - standard
14:53:32 | INFO     | Loaded 23287 cohort records
14:53:32 | INFO     | Retrieved 18483 records for LOB: iPhone
14:53:32 | INFO     | Generating iPhone cohort planogram for standard store
14:53:32 | INFO     | Loaded 23287 cohort records
14:53:32 | INFO     | Retrieved 18483 records for LOB: iPhone
14:53:32 | INFO     | Retrieved 18483 records for LOB: iPhone
14:53:32 | INFO     | Top 6 core products for iPhone: ['iPhone 16', 'iPhone 16 Pro Max', 'iPhone 15', 'iPhone 16 Pro', 'iPhone 16 Plus', 'iPhone 15 Pro Max']
14:53:32 | INFO     | Retrieved 18483 records for LOB: iPhone
14:53:32 | INFO     | Top 8 accessory categories for iPhone: ['Screen Protector', 'Wallet', 'PopSocket', 'Stand', 'Ring Holder', 'Wireless Charger', 'Headphones', 'Cleaning Kit']
14:53:32 | INFO     | Retrieved 18483 records for LOB: iPhone
14:53:32 | INFO     | Created cohort matrix: (8, 6)
14:53:32 | INFO     | Retrieved 18483 records for LOB: iPhone
14:53:32 | INFO     | Retrieved 18483 records for LOB: iPhone
14:53:32 | INFO     | Retrieved top 8 cohort pairs
14:53:32 | INFO     | Retrieved 18483 records for LOB: iPhone
14:53:32 | INFO     | Generated summary stats for iPhone
14:53:32 | INFO     | Saved iPhone cohort planogram: output\cohort_planograms\iphone_cohort_detailed_flagship.png
14:53:32 | INFO     | Generating detailed product list for iPhone cohort combinations
14:53:32 | INFO     | Retrieved 18483 records for LOB: iPhone
14:53:32 | INFO     | Generated detailed product list: output\cohort_planograms\iphone_cohort_products_flagship.txt
14:53:32 | INFO     | ✅ Successfully generated cohort planogram: output\cohort_planograms\iphone_cohort_detailed_flagship.png
14:53:32 | ERROR    | ❌ Error generating cohort planogram: 'charmap' codec can't encode character '\u2705' in position 0: character maps to <undefined>
Traceback (most recent call last):
  File "c:\Users\Shivansh Pal\Desktop\Planogram_Project\src\cohort_planogram\runner.py", line 65, in generate_cohort_planogram
    print(f"✅ Cohort planogram generated: {output_path}")
    ~~~~~^^^^^^^^^^^^^^^^^^^^^^^^^^^^^^^^^^^^^^^^^^^^^^^^^
  File "C:\Python313\Lib\encodings\cp1252.py", line 19, in encode
    return codecs.charmap_encode(input,self.errors,encoding_table)[0]
           ~~~~~~~~~~~~~~~~~~~~~^^^^^^^^^^^^^^^^^^^^^^^^^^^^^^^^^^
UnicodeEncodeError: 'charmap' codec can't encode character '\u2705' in position 0: character maps to <undefined>
14:53:33 | INFO     | 🎯 Starting cohort planogram generation for iPhone - express
14:53:33 | INFO     | Loaded 23287 cohort records
14:53:33 | INFO     | Retrieved 18483 records for LOB: iPhone
14:53:33 | INFO     | Generating iPhone cohort planogram for express store
14:53:33 | INFO     | Loaded 23287 cohort records
14:53:33 | INFO     | Retrieved 18483 records for LOB: iPhone
14:53:33 | INFO     | Retrieved 18483 records for LOB: iPhone
14:53:33 | INFO     | Top 6 core products for iPhone: ['iPhone 16', 'iPhone 16 Pro Max', 'iPhone 15', 'iPhone 16 Pro', 'iPhone 16 Plus', 'iPhone 15 Pro Max']
14:53:33 | INFO     | Retrieved 18483 records for LOB: iPhone
14:53:33 | INFO     | Top 8 accessory categories for iPhone: ['Screen Protector', 'Wallet', 'PopSocket', 'Stand', 'Ring Holder', 'Wireless Charger', 'Headphones', 'Cleaning Kit']
14:53:33 | INFO     | Retrieved 18483 records for LOB: iPhone
14:53:33 | INFO     | Created cohort matrix: (8, 6)
14:53:33 | INFO     | Retrieved 18483 records for LOB: iPhone
14:53:33 | INFO     | Retrieved 18483 records for LOB: iPhone
14:53:33 | INFO     | Retrieved top 8 cohort pairs
14:53:33 | INFO     | Retrieved 18483 records for LOB: iPhone
14:53:33 | INFO     | Generated summary stats for iPhone
14:53:35 | INFO     | Saved iPhone cohort planogram: output\cohort_planograms\iphone_cohort_detailed_standard.png
14:53:35 | INFO     | Generating detailed product list for iPhone cohort combinations
14:53:35 | INFO     | Retrieved 18483 records for LOB: iPhone
14:53:35 | INFO     | Generated detailed product list: output\cohort_planograms\iphone_cohort_products_standard.txt
14:53:35 | INFO     | ✅ Successfully generated cohort planogram: output\cohort_planograms\iphone_cohort_detailed_standard.png
14:53:35 | ERROR    | ❌ Error generating cohort planogram: 'charmap' codec can't encode character '\u2705' in position 0: character maps to <undefined>
Traceback (most recent call last):
  File "c:\Users\Shivansh Pal\Desktop\Planogram_Project\src\cohort_planogram\runner.py", line 65, in generate_cohort_planogram
    print(f"✅ Cohort planogram generated: {output_path}")
    ~~~~~^^^^^^^^^^^^^^^^^^^^^^^^^^^^^^^^^^^^^^^^^^^^^^^^^
  File "C:\Python313\Lib\encodings\cp1252.py", line 19, in encode
    return codecs.charmap_encode(input,self.errors,encoding_table)[0]
           ~~~~~~~~~~~~~~~~~~~~~^^^^^^^^^^^^^^^^^^^^^^^^^^^^^^^^^^
UnicodeEncodeError: 'charmap' codec can't encode character '\u2705' in position 0: character maps to <undefined>
14:53:36 | INFO     | 🎯 Starting cohort planogram generation for iPad - standard
14:53:36 | INFO     | 🎯 Starting cohort planogram generation for iPad - express
14:53:36 | INFO     | 🎯 Starting cohort planogram generation for iPad - flagship
14:53:37 | INFO     | Loaded 23287 cohort records
14:53:37 | INFO     | Retrieved 1387 records for LOB: iPad
14:53:37 | INFO     | Generating iPad cohort planogram for standard store
14:53:37 | INFO     | Loaded 23287 cohort records
14:53:37 | INFO     | Retrieved 1387 records for LOB: iPad
14:53:37 | INFO     | Generating iPad cohort planogram for flagship store
14:53:37 | INFO     | Loaded 23287 cohort records
14:53:37 | INFO     | Retrieved 1387 records for LOB: iPad
14:53:37 | INFO     | Generating iPad cohort planogram for express store
14:53:37 | INFO     | Loaded 23287 cohort records
14:53:37 | INFO     | Retrieved 1387 records for LOB: iPad
14:53:37 | INFO     | Retrieved 1387 records for LOB: iPad
14:53:37 | INFO     | Top 6 core products for iPad: ['iPad Air', 'iPad Pro', 'iPad Standard', 'iPad Mini']
14:53:37 | INFO     | Loaded 23287 cohort records
14:53:37 | INFO     | Retrieved 1387 records for LOB: iPad
14:53:37 | INFO     | Retrieved 1387 records for LOB: iPad
14:53:37 | INFO     | Top 8 accessory categories for iPad: ['Screen Protector', 'Hub/Adapter', 'Headphones', 'Apple Pencil', 'Cleaning Kit', 'Cable', 'Tracking', 'Charger/Adapter']
14:53:37 | INFO     | Retrieved 1387 records for LOB: iPad
14:53:37 | INFO     | Retrieved 1387 records for LOB: iPad
14:53:37 | INFO     | Top 6 core products for iPad: ['iPad Air', 'iPad Pro', 'iPad Standard', 'iPad Mini']
14:53:37 | INFO     | Retrieved 1387 records for LOB: iPad
14:53:37 | INFO     | Created cohort matrix: (8, 4)
14:53:37 | INFO     | Top 8 accessory categories for iPad: ['Screen Protector', 'Hub/Adapter', 'Headphones', 'Apple Pencil', 'Cleaning Kit', 'Cable', 'Tracking', 'Charger/Adapter']
14:53:37 | INFO     | Retrieved 1387 records for LOB: iPad
14:53:37 | INFO     | Retrieved 1387 records for LOB: iPad
14:53:37 | INFO     | Retrieved 1387 records for LOB: iPad
14:53:37 | INFO     | Retrieved top 8 cohort pairs
14:53:37 | INFO     | Retrieved 1387 records for LOB: iPad
14:53:37 | INFO     | Created cohort matrix: (8, 4)
14:53:37 | INFO     | Generated summary stats for iPad
14:53:37 | INFO     | Loaded 23287 cohort records
14:53:37 | INFO     | Retrieved 1387 records for LOB: iPad
14:53:37 | INFO     | Retrieved 1387 records for LOB: iPad
14:53:37 | INFO     | Retrieved 1387 records for LOB: iPad
14:53:37 | INFO     | Top 6 core products for iPad: ['iPad Air', 'iPad Pro', 'iPad Standard', 'iPad Mini']
14:53:37 | INFO     | Retrieved 1387 records for LOB: iPad
14:53:37 | INFO     | Top 8 accessory categories for iPad: ['Screen Protector', 'Hub/Adapter', 'Headphones', 'Apple Pencil', 'Cleaning Kit', 'Cable', 'Tracking', 'Charger/Adapter']
14:53:37 | INFO     | Retrieved 1387 records for LOB: iPad
14:53:37 | INFO     | Retrieved 1387 records for LOB: iPad
14:53:37 | INFO     | 🎯 Starting cohort planogram generation for Watch - standard
14:53:37 | INFO     | Retrieved top 8 cohort pairs
14:53:37 | INFO     | Retrieved 1387 records for LOB: iPad
14:53:37 | INFO     | Generated summary stats for iPad
14:53:37 | INFO     | Created cohort matrix: (8, 4)
14:53:37 | INFO     | Retrieved 1387 records for LOB: iPad
14:53:37 | INFO     | Retrieved 1387 records for LOB: iPad
14:53:37 | INFO     | Retrieved top 8 cohort pairs
14:53:37 | INFO     | Retrieved 1387 records for LOB: iPad
14:53:37 | INFO     | Generated summary stats for iPad
14:53:37 | INFO     | 🎯 Starting cohort planogram generation for Watch - flagship
14:53:37 | INFO     | 🎯 Starting cohort planogram generation for Watch - express
14:53:37 | INFO     | Loaded 23287 cohort records
14:53:37 | INFO     | Retrieved 1419 records for LOB: Watch
14:53:37 | INFO     | Generating Apple Watch cohort planogram for standard store
14:53:37 | INFO     | Loaded 23287 cohort records
14:53:37 | INFO     | Loaded 23287 cohort records
14:53:37 | INFO     | Loaded 23287 cohort records
14:53:37 | INFO     | Retrieved 1419 records for LOB: Watch
14:53:37 | INFO     | Generating Apple Watch cohort planogram for express store
14:53:37 | INFO     | Retrieved 1419 records for LOB: Watch
14:53:37 | INFO     | Retrieved 1419 records for LOB: Watch
14:53:37 | INFO     | Generating Apple Watch cohort planogram for flagship store
14:53:37 | INFO     | Retrieved 1419 records for LOB: Watch
14:53:37 | INFO     | Top 6 core products for Watch: ['Apple Watch Other', 'Apple Watch SE', 'Apple Watch Series', 'Apple Watch Ultra']
14:53:37 | INFO     | Retrieved 1419 records for LOB: Watch
14:53:37 | INFO     | Top 8 accessory categories for Watch: ['Screen Protector', 'Wireless Charger', 'Headphones', 'Cleaning Kit', 'Cable', 'Charger/Adapter', 'Tracking', 'Power Bank']
14:53:37 | INFO     | Retrieved 1419 records for LOB: Watch
14:53:37 | INFO     | Created cohort matrix: (8, 4)
14:53:37 | INFO     | Retrieved 1419 records for LOB: Watch
14:53:37 | INFO     | Loaded 23287 cohort records
14:53:37 | INFO     | Retrieved 1419 records for LOB: Watch
14:53:37 | INFO     | Retrieved 1419 records for LOB: Watch
14:53:37 | INFO     | Loaded 23287 cohort records
14:53:37 | INFO     | Retrieved top 8 cohort pairs
14:53:37 | INFO     | Retrieved 1419 records for LOB: Watch
14:53:37 | INFO     | Retrieved 1419 records for LOB: Watch
14:53:37 | INFO     | Retrieved 1419 records for LOB: Watch
14:53:37 | INFO     | Generated summary stats for Watch
14:53:37 | INFO     | Top 6 core products for Watch: ['Apple Watch Other', 'Apple Watch SE', 'Apple Watch Series', 'Apple Watch Ultra']
14:53:37 | INFO     | Retrieved 1419 records for LOB: Watch
14:53:37 | INFO     | Retrieved 1419 records for LOB: Watch
14:53:37 | INFO     | Top 6 core products for Watch: ['Apple Watch Other', 'Apple Watch SE', 'Apple Watch Series', 'Apple Watch Ultra']
14:53:37 | INFO     | Top 8 accessory categories for Watch: ['Screen Protector', 'Wireless Charger', 'Headphones', 'Cleaning Kit', 'Cable', 'Charger/Adapter', 'Tracking', 'Power Bank']
14:53:37 | INFO     | Retrieved 1419 records for LOB: Watch
14:53:37 | INFO     | Retrieved 1419 records for LOB: Watch
14:53:37 | INFO     | Top 8 accessory categories for Watch: ['Screen Protector', 'Wireless Charger', 'Headphones', 'Cleaning Kit', 'Cable', 'Charger/Adapter', 'Tracking', 'Power Bank']
14:53:37 | INFO     | Created cohort matrix: (8, 4)
14:53:37 | INFO     | Retrieved 1419 records for LOB: Watch
14:53:37 | INFO     | Retrieved 1419 records for LOB: Watch
14:53:37 | INFO     | Retrieved 1419 records for LOB: Watch
14:53:37 | INFO     | Created cohort matrix: (8, 4)
14:53:37 | INFO     | Retrieved top 8 cohort pairs
14:53:37 | INFO     | Retrieved 1419 records for LOB: Watch
14:53:37 | INFO     | Retrieved 1419 records for LOB: Watch
14:53:37 | INFO     | Generated summary stats for Watch
14:53:37 | INFO     | Retrieved 1419 records for LOB: Watch
14:53:37 | INFO     | Retrieved top 8 cohort pairs
14:53:37 | INFO     | Retrieved 1419 records for LOB: Watch
14:53:37 | INFO     | Generated summary stats for Watch
14:53:41 | INFO     | Saved iPhone cohort planogram: output\cohort_planograms\iphone_cohort_detailed_express.png
14:53:41 | INFO     | Generating detailed product list for iPhone cohort combinations
14:53:41 | INFO     | Retrieved 18483 records for LOB: iPhone
14:53:41 | INFO     | Generated detailed product list: output\cohort_planograms\iphone_cohort_products_express.txt
14:53:41 | INFO     | ✅ Successfully generated cohort planogram: output\cohort_planograms\iphone_cohort_detailed_express.png
14:53:41 | ERROR    | ❌ Error generating cohort planogram: 'charmap' codec can't encode character '\u2705' in position 0: character maps to <undefined>
Traceback (most recent call last):
  File "c:\Users\Shivansh Pal\Desktop\Planogram_Project\src\cohort_planogram\runner.py", line 65, in generate_cohort_planogram
    print(f"✅ Cohort planogram generated: {output_path}")
    ~~~~~^^^^^^^^^^^^^^^^^^^^^^^^^^^^^^^^^^^^^^^^^^^^^^^^^
  File "C:\Python313\Lib\encodings\cp1252.py", line 19, in encode
    return codecs.charmap_encode(input,self.errors,encoding_table)[0]
           ~~~~~~~~~~~~~~~~~~~~~^^^^^^^^^^^^^^^^^^^^^^^^^^^^^^^^^^
UnicodeEncodeError: 'charmap' codec can't encode character '\u2705' in position 0: character maps to <undefined>
14:53:42 | INFO     | Saved iPad cohort planogram: output\cohort_planograms\ipad_cohort_detailed_standard.png
14:53:42 | INFO     | Generating detailed product list for iPad cohort combinations
14:53:42 | INFO     | Retrieved 1387 records for LOB: iPad
14:53:42 | INFO     | Saved iPad cohort planogram: output\cohort_planograms\ipad_cohort_detailed_flagship.png
14:53:42 | INFO     | Generating detailed product list for iPad cohort combinations
14:53:42 | INFO     | Retrieved 1387 records for LOB: iPad
14:53:42 | INFO     | Generated detailed product list: output\cohort_planograms\ipad_cohort_products_standard.txt
14:53:42 | INFO     | ✅ Successfully generated cohort planogram: output\cohort_planograms\ipad_cohort_detailed_standard.png
14:53:42 | ERROR    | ❌ Error generating cohort planogram: 'charmap' codec can't encode character '\u2705' in position 0: character maps to <undefined>
Traceback (most recent call last):
  File "c:\Users\Shivansh Pal\Desktop\Planogram_Project\src\cohort_planogram\runner.py", line 65, in generate_cohort_planogram
    print(f"✅ Cohort planogram generated: {output_path}")
    ~~~~~^^^^^^^^^^^^^^^^^^^^^^^^^^^^^^^^^^^^^^^^^^^^^^^^^
  File "C:\Python313\Lib\encodings\cp1252.py", line 19, in encode
    return codecs.charmap_encode(input,self.errors,encoding_table)[0]
           ~~~~~~~~~~~~~~~~~~~~~^^^^^^^^^^^^^^^^^^^^^^^^^^^^^^^^^^
UnicodeEncodeError: 'charmap' codec can't encode character '\u2705' in position 0: character maps to <undefined>
14:53:42 | INFO     | Generated detailed product list: output\cohort_planograms\ipad_cohort_products_flagship.txt
14:53:42 | INFO     | ✅ Successfully generated cohort planogram: output\cohort_planograms\ipad_cohort_detailed_flagship.png
14:53:42 | ERROR    | ❌ Error generating cohort planogram: 'charmap' codec can't encode character '\u2705' in position 0: character maps to <undefined>
Traceback (most recent call last):
  File "c:\Users\Shivansh Pal\Desktop\Planogram_Project\src\cohort_planogram\runner.py", line 65, in generate_cohort_planogram
    print(f"✅ Cohort planogram generated: {output_path}")
    ~~~~~^^^^^^^^^^^^^^^^^^^^^^^^^^^^^^^^^^^^^^^^^^^^^^^^^
  File "C:\Python313\Lib\encodings\cp1252.py", line 19, in encode
    return codecs.charmap_encode(input,self.errors,encoding_table)[0]
           ~~~~~~~~~~~~~~~~~~~~~^^^^^^^^^^^^^^^^^^^^^^^^^^^^^^^^^^
UnicodeEncodeError: 'charmap' codec can't encode character '\u2705' in position 0: character maps to <undefined>
14:53:43 | INFO     | Saved iPad cohort planogram: output\cohort_planograms\ipad_cohort_detailed_express.png
14:53:43 | INFO     | Generating detailed product list for iPad cohort combinations
14:53:43 | INFO     | Retrieved 1387 records for LOB: iPad
14:53:43 | INFO     | Saved Watch cohort planogram: output\cohort_planograms\watch_cohort_detailed_standard.png
14:53:43 | INFO     | Generating detailed product list for Apple Watch cohort combinations
14:53:43 | INFO     | Retrieved 1419 records for LOB: Watch
14:53:43 | INFO     | Generated detailed product list: output\cohort_planograms\ipad_cohort_products_express.txt
14:53:43 | INFO     | ✅ Successfully generated cohort planogram: output\cohort_planograms\ipad_cohort_detailed_express.png
14:53:43 | ERROR    | ❌ Error generating cohort planogram: 'charmap' codec can't encode character '\u2705' in position 0: character maps to <undefined>
Traceback (most recent call last):
  File "c:\Users\Shivansh Pal\Desktop\Planogram_Project\src\cohort_planogram\runner.py", line 65, in generate_cohort_planogram
    print(f"✅ Cohort planogram generated: {output_path}")
    ~~~~~^^^^^^^^^^^^^^^^^^^^^^^^^^^^^^^^^^^^^^^^^^^^^^^^^
  File "C:\Python313\Lib\encodings\cp1252.py", line 19, in encode
    return codecs.charmap_encode(input,self.errors,encoding_table)[0]
           ~~~~~~~~~~~~~~~~~~~~~^^^^^^^^^^^^^^^^^^^^^^^^^^^^^^^^^^
UnicodeEncodeError: 'charmap' codec can't encode character '\u2705' in position 0: character maps to <undefined>
14:53:43 | INFO     | Saved Watch cohort planogram: output\cohort_planograms\watch_cohort_detailed_flagship.png
14:53:43 | INFO     | Generating detailed product list for Apple Watch cohort combinations
14:53:43 | INFO     | Retrieved 1419 records for LOB: Watch
14:53:43 | INFO     | Generated detailed product list: output\cohort_planograms\watch_cohort_products_standard.txt
14:53:43 | INFO     | ✅ Successfully generated cohort planogram: output\cohort_planograms\watch_cohort_detailed_standard.png
14:53:43 | ERROR    | ❌ Error generating cohort planogram: 'charmap' codec can't encode character '\u2705' in position 0: character maps to <undefined>
Traceback (most recent call last):
  File "c:\Users\Shivansh Pal\Desktop\Planogram_Project\src\cohort_planogram\runner.py", line 65, in generate_cohort_planogram
    print(f"✅ Cohort planogram generated: {output_path}")
    ~~~~~^^^^^^^^^^^^^^^^^^^^^^^^^^^^^^^^^^^^^^^^^^^^^^^^^
  File "C:\Python313\Lib\encodings\cp1252.py", line 19, in encode
    return codecs.charmap_encode(input,self.errors,encoding_table)[0]
           ~~~~~~~~~~~~~~~~~~~~~^^^^^^^^^^^^^^^^^^^^^^^^^^^^^^^^^^
UnicodeEncodeError: 'charmap' codec can't encode character '\u2705' in position 0: character maps to <undefined>
14:53:43 | INFO     | Saved Watch cohort planogram: output\cohort_planograms\watch_cohort_detailed_express.png
14:53:43 | INFO     | Generating detailed product list for Apple Watch cohort combinations
14:53:43 | INFO     | Retrieved 1419 records for LOB: Watch
14:53:43 | INFO     | Generated detailed product list: output\cohort_planograms\watch_cohort_products_flagship.txt
14:53:43 | INFO     | ✅ Successfully generated cohort planogram: output\cohort_planograms\watch_cohort_detailed_flagship.png
14:53:43 | ERROR    | ❌ Error generating cohort planogram: 'charmap' codec can't encode character '\u2705' in position 0: character maps to <undefined>
Traceback (most recent call last):
  File "c:\Users\Shivansh Pal\Desktop\Planogram_Project\src\cohort_planogram\runner.py", line 65, in generate_cohort_planogram
    print(f"✅ Cohort planogram generated: {output_path}")
    ~~~~~^^^^^^^^^^^^^^^^^^^^^^^^^^^^^^^^^^^^^^^^^^^^^^^^^
  File "C:\Python313\Lib\encodings\cp1252.py", line 19, in encode
    return codecs.charmap_encode(input,self.errors,encoding_table)[0]
           ~~~~~~~~~~~~~~~~~~~~~^^^^^^^^^^^^^^^^^^^^^^^^^^^^^^^^^^
UnicodeEncodeError: 'charmap' codec can't encode character '\u2705' in position 0: character maps to <undefined>
14:53:43 | INFO     | Generated detailed product list: output\cohort_planograms\watch_cohort_products_express.txt
14:53:43 | INFO     | ✅ Successfully generated cohort planogram: output\cohort_planograms\watch_cohort_detailed_express.png
14:53:43 | ERROR    | ❌ Error generating cohort planogram: 'charmap' codec can't encode character '\u2705' in position 0: character maps to <undefined>
Traceback (most recent call last):
  File "c:\Users\Shivansh Pal\Desktop\Planogram_Project\src\cohort_planogram\runner.py", line 65, in generate_cohort_planogram
    print(f"✅ Cohort planogram generated: {output_path}")
    ~~~~~^^^^^^^^^^^^^^^^^^^^^^^^^^^^^^^^^^^^^^^^^^^^^^^^^
  File "C:\Python313\Lib\encodings\cp1252.py", line 19, in encode
    return codecs.charmap_encode(input,self.errors,encoding_table)[0]
           ~~~~~~~~~~~~~~~~~~~~~^^^^^^^^^^^^^^^^^^^^^^^^^^^^^^^^^^
UnicodeEncodeError: 'charmap' codec can't encode character '\u2705' in position 0: character maps to <undefined>
14:57:56 | INFO     | 🎯 Starting cohort planogram generation for Mac - flagship
14:57:56 | INFO     | Loaded 23287 cohort records
14:57:56 | INFO     | Retrieved 946 records for LOB: Mac
14:57:56 | INFO     | Generating Mac cohort planogram for flagship store
14:57:56 | INFO     | Loaded 23287 cohort records
14:57:56 | INFO     | Retrieved 946 records for LOB: Mac
14:57:56 | INFO     | Retrieved 946 records for LOB: Mac
14:57:56 | INFO     | Top 6 core products for Mac: ['MacBook Air', 'Mac Mini', 'MacBook Pro', 'iMac', 'Mac Other']
14:57:56 | INFO     | Retrieved 946 records for LOB: Mac
14:57:56 | INFO     | Top 8 accessory categories for Mac: ['Screen Protector', 'Cleaning Kit', 'Headphones', 'Stand', 'Mouse/Trackpad', 'Keyboard', 'Other', 'Cable']
14:57:56 | INFO     | Retrieved 946 records for LOB: Mac
14:57:56 | INFO     | Created cohort matrix: (8, 5)
14:57:56 | INFO     | Retrieved 946 records for LOB: Mac
14:57:56 | INFO     | Retrieved 946 records for LOB: Mac
14:57:56 | INFO     | Retrieved top 8 cohort pairs
14:57:56 | INFO     | Retrieved 946 records for LOB: Mac
14:57:56 | INFO     | Generated summary stats for Mac
14:57:58 | INFO     | Saved Mac cohort planogram: output\cohort_planograms\mac_cohort_detailed_flagship.png
14:57:58 | INFO     | Generating detailed product list for Mac cohort combinations
14:57:58 | INFO     | Retrieved 946 records for LOB: Mac
14:57:58 | INFO     | Generated detailed product list: output\cohort_planograms\mac_cohort_products_flagship.txt
14:57:58 | INFO     | ✅ Successfully generated cohort planogram: output\cohort_planograms\mac_cohort_detailed_flagship.png
14:57:58 | ERROR    | ❌ Error generating cohort planogram: 'charmap' codec can't encode character '\u2705' in position 0: character maps to <undefined>
Traceback (most recent call last):
  File "C:\Users\Shivansh Pal\Desktop\Planogram_Project\src\cohort_planogram\runner.py", line 66, in generate_cohort_planogram
    print(f"✅ Cohort planogram generated: {output_path}")
    ~~~~~^^^^^^^^^^^^^^^^^^^^^^^^^^^^^^^^^^^^^^^^^^^^^^^^^
  File "C:\Python313\Lib\encodings\cp1252.py", line 19, in encode
    return codecs.charmap_encode(input,self.errors,encoding_table)[0]
           ~~~~~~~~~~~~~~~~~~~~~^^^^^^^^^^^^^^^^^^^^^^^^^^^^^^^^^^
UnicodeEncodeError: 'charmap' codec can't encode character '\u2705' in position 0: character maps to <undefined>
14:59:05 | INFO     | 🎯 Starting cohort planogram generation for Mac - flagship
14:59:05 | INFO     | Loaded 23287 cohort records
14:59:05 | INFO     | Retrieved 946 records for LOB: Mac
14:59:05 | INFO     | Generating Mac cohort planogram for flagship store
14:59:05 | INFO     | Loaded 23287 cohort records
14:59:05 | INFO     | Retrieved 946 records for LOB: Mac
14:59:05 | INFO     | Retrieved 946 records for LOB: Mac
14:59:05 | INFO     | Top 6 core products for Mac: ['MacBook Air', 'Mac Mini', 'MacBook Pro', 'iMac', 'Mac Other']
14:59:05 | INFO     | Retrieved 946 records for LOB: Mac
14:59:05 | INFO     | Top 8 accessory categories for Mac: ['Screen Protector', 'Cleaning Kit', 'Headphones', 'Stand', 'Mouse/Trackpad', 'Keyboard', 'Other', 'Cable']
14:59:05 | INFO     | Retrieved 946 records for LOB: Mac
14:59:05 | INFO     | Created cohort matrix: (8, 5)
14:59:05 | INFO     | Retrieved 946 records for LOB: Mac
14:59:05 | INFO     | Retrieved 946 records for LOB: Mac
14:59:05 | INFO     | Retrieved top 8 cohort pairs
14:59:05 | INFO     | Retrieved 946 records for LOB: Mac
14:59:05 | INFO     | Generated summary stats for Mac
14:59:07 | INFO     | Saved Mac cohort planogram: output\cohort_planograms\mac_cohort_detailed_flagship.png
14:59:07 | INFO     | Generating detailed product list for Mac cohort combinations
14:59:07 | INFO     | Retrieved 946 records for LOB: Mac
14:59:07 | INFO     | Generated detailed product list: output\cohort_planograms\mac_cohort_products_flagship.txt
14:59:07 | INFO     | ✅ Successfully generated cohort planogram: output\cohort_planograms\mac_cohort_detailed_flagship.png
14:59:07 | ERROR    | ❌ Error generating cohort planogram: 'charmap' codec can't encode character '\u2705' in position 0: character maps to <undefined>
Traceback (most recent call last):
  File "c:\Users\Shivansh Pal\Desktop\Planogram_Project\src\cohort_planogram\runner.py", line 66, in generate_cohort_planogram
    print(f"✅ Cohort planogram generated: {output_path}")
    ~~~~~^^^^^^^^^^^^^^^^^^^^^^^^^^^^^^^^^^^^^^^^^^^^^^^^^
  File "C:\Python313\Lib\encodings\cp1252.py", line 19, in encode
    return codecs.charmap_encode(input,self.errors,encoding_table)[0]
           ~~~~~~~~~~~~~~~~~~~~~^^^^^^^^^^^^^^^^^^^^^^^^^^^^^^^^^^
UnicodeEncodeError: 'charmap' codec can't encode character '\u2705' in position 0: character maps to <undefined>
15:01:15 | INFO     | 🎯 Starting cohort planogram generation for iPhone - flagship
15:01:15 | INFO     | Loaded 23287 cohort records
15:01:15 | INFO     | Retrieved 18483 records for LOB: iPhone
15:01:15 | INFO     | Generating iPhone cohort planogram for flagship store
15:01:15 | INFO     | Loaded 23287 cohort records
15:01:15 | INFO     | Retrieved 18483 records for LOB: iPhone
15:01:15 | INFO     | Retrieved 18483 records for LOB: iPhone
15:01:15 | INFO     | Top 6 core products for iPhone: ['iPhone 16', 'iPhone 16 Pro Max', 'iPhone 15', 'iPhone 16 Pro', 'iPhone 16 Plus', 'iPhone 15 Pro Max']
15:01:15 | INFO     | Retrieved 18483 records for LOB: iPhone
15:01:15 | INFO     | Top 8 accessory categories for iPhone: ['Screen Protector', 'Wallet', 'PopSocket', 'Stand', 'Ring Holder', 'Wireless Charger', 'Headphones', 'Cleaning Kit']
15:01:15 | INFO     | Retrieved 18483 records for LOB: iPhone
15:01:15 | INFO     | Created cohort matrix: (8, 6)
15:01:15 | INFO     | Retrieved 18483 records for LOB: iPhone
15:01:15 | INFO     | Retrieved 18483 records for LOB: iPhone
15:01:15 | INFO     | Retrieved top 8 cohort pairs
15:01:15 | INFO     | Retrieved 18483 records for LOB: iPhone
15:01:15 | INFO     | Generated summary stats for iPhone
15:01:16 | INFO     | Saved iPhone cohort planogram: output\cohort_planograms\iphone_cohort_detailed_flagship.png
15:01:16 | INFO     | Generating detailed product list for iPhone cohort combinations
15:01:16 | INFO     | Retrieved 18483 records for LOB: iPhone
15:01:16 | INFO     | Generated detailed product list: output\cohort_planograms\iphone_cohort_products_flagship.txt
15:01:16 | INFO     | Successfully generated cohort planogram: output\cohort_planograms\iphone_cohort_detailed_flagship.png
15:20:14 | INFO     | 🎯 Starting cohort planogram generation for Mac - flagship
15:20:14 | INFO     | Loaded 23287 cohort records
15:20:14 | INFO     | Retrieved 946 records for LOB: Mac
15:20:14 | INFO     | Generating Mac cohort planogram for flagship store
15:20:14 | INFO     | Loaded 23287 cohort records
15:20:14 | INFO     | Retrieved 946 records for LOB: Mac
15:20:14 | INFO     | Retrieved 946 records for LOB: Mac
15:20:14 | INFO     | Top 6 core products for Mac: ['MacBook Air', 'Mac Mini', 'MacBook Pro', 'iMac', 'Mac Other']
15:20:14 | INFO     | Retrieved 946 records for LOB: Mac
15:20:14 | INFO     | Top 8 accessory categories for Mac: ['Screen Protector', 'Cleaning Kit', 'Headphones', 'Stand', 'Mouse/Trackpad', 'Keyboard', 'Other', 'Cable']
15:20:14 | INFO     | Retrieved 946 records for LOB: Mac
15:20:14 | INFO     | Created cohort matrix: (8, 5)
15:20:14 | INFO     | Retrieved 946 records for LOB: Mac
15:20:14 | INFO     | Retrieved 946 records for LOB: Mac
15:20:14 | INFO     | Retrieved top 8 cohort pairs
15:20:14 | INFO     | Retrieved 946 records for LOB: Mac
15:20:14 | INFO     | Generated summary stats for Mac
15:20:15 | INFO     | Saved Mac cohort planogram: output\cohort_planograms\mac_cohort_detailed_flagship.png
15:20:15 | INFO     | Generating detailed product list for Mac cohort combinations
15:20:15 | INFO     | Retrieved 946 records for LOB: Mac
15:20:15 | INFO     | Generated detailed product list: output\cohort_planograms\mac_cohort_products_flagship.txt
15:20:15 | INFO     | Successfully generated cohort planogram: output\cohort_planograms\mac_cohort_detailed_flagship.png
15:20:23 | INFO     | 🎯 Starting cohort planogram generation for iPhone - flagship
15:20:23 | INFO     | Loaded 23287 cohort records
15:20:23 | INFO     | Retrieved 18483 records for LOB: iPhone
15:20:23 | INFO     | Generating iPhone cohort planogram for flagship store
15:20:23 | INFO     | Loaded 23287 cohort records
15:20:23 | INFO     | Retrieved 18483 records for LOB: iPhone
15:20:23 | INFO     | Retrieved 18483 records for LOB: iPhone
15:20:23 | INFO     | Top 6 core products for iPhone: ['iPhone 16', 'iPhone 16 Pro Max', 'iPhone 15', 'iPhone 16 Pro', 'iPhone 16 Plus', 'iPhone 15 Pro Max']
15:20:23 | INFO     | Retrieved 18483 records for LOB: iPhone
15:20:23 | INFO     | Top 8 accessory categories for iPhone: ['Screen Protector', 'Wallet', 'PopSocket', 'Stand', 'Ring Holder', 'Wireless Charger', 'Headphones', 'Cleaning Kit']
15:20:23 | INFO     | Retrieved 18483 records for LOB: iPhone
15:20:23 | INFO     | Created cohort matrix: (8, 6)
15:20:23 | INFO     | Retrieved 18483 records for LOB: iPhone
15:20:23 | INFO     | Retrieved 18483 records for LOB: iPhone
15:20:23 | INFO     | Retrieved top 8 cohort pairs
15:20:23 | INFO     | Retrieved 18483 records for LOB: iPhone
15:20:23 | INFO     | Generated summary stats for iPhone
15:20:25 | INFO     | Saved iPhone cohort planogram: output\cohort_planograms\iphone_cohort_detailed_flagship.png
15:20:25 | INFO     | Generating detailed product list for iPhone cohort combinations
15:20:25 | INFO     | Retrieved 18483 records for LOB: iPhone
15:20:25 | INFO     | Generated detailed product list: output\cohort_planograms\iphone_cohort_products_flagship.txt
15:20:25 | INFO     | Successfully generated cohort planogram: output\cohort_planograms\iphone_cohort_detailed_flagship.png
15:24:03 | INFO     | 🎯 Starting cohort planogram generation for Mac - flagship
15:24:03 | INFO     | Loaded 23287 cohort records
15:24:03 | INFO     | Retrieved 946 records for LOB: Mac
15:24:03 | INFO     | Generating Mac cohort planogram for flagship store
15:24:03 | INFO     | Loaded 23287 cohort records
15:24:03 | INFO     | Retrieved 946 records for LOB: Mac
15:24:03 | INFO     | Retrieved 946 records for LOB: Mac
15:24:03 | INFO     | Top 6 core products for Mac: ['MacBook Air', 'Mac Mini', 'MacBook Pro', 'iMac', 'Mac Other']
15:24:03 | INFO     | Retrieved 946 records for LOB: Mac
15:24:03 | INFO     | Top 8 accessory categories for Mac: ['Screen Protector', 'Cleaning Kit', 'Headphones', 'Stand', 'Mouse/Trackpad', 'Keyboard', 'Other', 'Cable']
15:24:03 | INFO     | Retrieved 946 records for LOB: Mac
15:24:03 | INFO     | Created cohort matrix: (8, 5)
15:24:03 | INFO     | Retrieved 946 records for LOB: Mac
15:24:03 | INFO     | Retrieved 946 records for LOB: Mac
15:24:03 | INFO     | Retrieved top 8 cohort pairs
15:24:03 | INFO     | Retrieved 946 records for LOB: Mac
15:24:03 | INFO     | Generated summary stats for Mac
15:24:04 | INFO     | Saved Mac cohort planogram: output\cohort_planograms\mac_cohort_detailed_flagship.png
15:24:04 | INFO     | Generating detailed product list for Mac cohort combinations
15:24:04 | INFO     | Retrieved 946 records for LOB: Mac
15:24:04 | INFO     | Generated detailed product list: output\cohort_planograms\mac_cohort_products_flagship.txt
15:24:04 | INFO     | Successfully generated cohort planogram: output\cohort_planograms\mac_cohort_detailed_flagship.png
15:24:14 | INFO     | 🎯 Starting cohort planogram generation for iPhone - flagship
15:24:14 | INFO     | Loaded 23287 cohort records
15:24:14 | INFO     | Retrieved 18483 records for LOB: iPhone
15:24:14 | INFO     | Generating iPhone cohort planogram for flagship store
15:24:14 | INFO     | Loaded 23287 cohort records
15:24:14 | INFO     | Retrieved 18483 records for LOB: iPhone
15:24:14 | INFO     | Retrieved 18483 records for LOB: iPhone
15:24:14 | INFO     | Top 6 core products for iPhone: ['iPhone 16', 'iPhone 16 Pro Max', 'iPhone 15', 'iPhone 16 Pro', 'iPhone 16 Plus', 'iPhone 15 Pro Max']
15:24:14 | INFO     | Retrieved 18483 records for LOB: iPhone
15:24:14 | INFO     | Top 8 accessory categories for iPhone: ['Screen Protector', 'Wallet', 'PopSocket', 'Stand', 'Ring Holder', 'Wireless Charger', 'Headphones', 'Cleaning Kit']
15:24:14 | INFO     | Retrieved 18483 records for LOB: iPhone
15:24:14 | INFO     | Created cohort matrix: (8, 6)
15:24:14 | INFO     | Retrieved 18483 records for LOB: iPhone
15:24:14 | INFO     | Retrieved 18483 records for LOB: iPhone
15:24:14 | INFO     | Retrieved top 8 cohort pairs
15:24:14 | INFO     | Retrieved 18483 records for LOB: iPhone
15:24:14 | INFO     | Generated summary stats for iPhone
15:24:15 | INFO     | Saved iPhone cohort planogram: output\cohort_planograms\iphone_cohort_detailed_flagship.png
15:24:15 | INFO     | Generating detailed product list for iPhone cohort combinations
15:24:15 | INFO     | Retrieved 18483 records for LOB: iPhone
15:24:16 | INFO     | Generated detailed product list: output\cohort_planograms\iphone_cohort_products_flagship.txt
15:24:16 | INFO     | Successfully generated cohort planogram: output\cohort_planograms\iphone_cohort_detailed_flagship.png
15:31:38 | INFO     | 🎯 Starting cohort planogram generation for iPhone - flagship
15:31:38 | INFO     | Loaded 23287 cohort records
15:31:38 | INFO     | Retrieved 18483 records for LOB: iPhone
15:31:38 | INFO     | Generating iPhone cohort planogram for flagship store
15:31:38 | INFO     | Loaded 23287 cohort records
15:31:39 | INFO     | Retrieved 18483 records for LOB: iPhone
15:31:39 | INFO     | Retrieved 18483 records for LOB: iPhone
15:31:39 | INFO     | Top 6 core products for iPhone: ['iPhone 16', 'iPhone 16 Pro Max', 'iPhone 15', 'iPhone 16 Pro', 'iPhone 16 Plus', 'iPhone 15 Pro Max']
15:31:39 | INFO     | Retrieved 18483 records for LOB: iPhone
15:31:39 | INFO     | Top 8 accessory categories for iPhone: ['Screen Protector', 'Wallet', 'PopSocket', 'Stand', 'Ring Holder', 'Wireless Charger', 'Headphones', 'Cleaning Kit']
15:31:39 | INFO     | Retrieved 18483 records for LOB: iPhone
15:31:39 | INFO     | Created cohort matrix: (8, 6)
15:31:39 | INFO     | Retrieved 18483 records for LOB: iPhone
15:31:39 | INFO     | Retrieved 18483 records for LOB: iPhone
15:31:39 | INFO     | Retrieved top 8 cohort pairs
15:31:39 | INFO     | Retrieved 18483 records for LOB: iPhone
15:31:39 | INFO     | Generated summary stats for iPhone
15:31:40 | INFO     | Saved iPhone cohort planogram: output\cohort_planograms\iphone_cohort_detailed_flagship.png
15:31:40 | INFO     | Generating detailed product list for iPhone cohort combinations
15:31:40 | INFO     | Retrieved 18483 records for LOB: iPhone
15:31:41 | INFO     | Generated detailed product list: output\cohort_planograms\iphone_cohort_products_flagship.txt
15:31:41 | INFO     | Successfully generated cohort planogram: output\cohort_planograms\iphone_cohort_detailed_flagship.png
15:31:54 | INFO     | 🎯 Starting cohort planogram generation for iPhone - standard
15:31:54 | INFO     | Loaded 23287 cohort records
15:31:54 | INFO     | Retrieved 18483 records for LOB: iPhone
15:31:54 | INFO     | Generating iPhone cohort planogram for standard store
15:31:54 | INFO     | Loaded 23287 cohort records
15:31:54 | INFO     | Retrieved 18483 records for LOB: iPhone
15:31:54 | INFO     | Retrieved 18483 records for LOB: iPhone
15:31:54 | INFO     | Top 5 core products for iPhone: ['iPhone 16', 'iPhone 16 Pro Max', 'iPhone 15', 'iPhone 16 Pro', 'iPhone 16 Plus']
15:31:54 | INFO     | Retrieved 18483 records for LOB: iPhone
15:31:54 | INFO     | Top 6 accessory categories for iPhone: ['Screen Protector', 'Wallet', 'PopSocket', 'Stand', 'Ring Holder', 'Wireless Charger']
15:31:54 | INFO     | Retrieved 18483 records for LOB: iPhone
15:31:54 | INFO     | Created cohort matrix: (6, 5)
15:31:54 | INFO     | Retrieved 18483 records for LOB: iPhone
15:31:54 | INFO     | Retrieved 18483 records for LOB: iPhone
15:31:54 | INFO     | Retrieved top 8 cohort pairs
15:31:54 | INFO     | Retrieved 18483 records for LOB: iPhone
15:31:54 | INFO     | Generated summary stats for iPhone
15:31:56 | INFO     | Saved iPhone cohort planogram: output\cohort_planograms\iphone_cohort_detailed_standard.png
15:31:56 | INFO     | Generating detailed product list for iPhone cohort combinations
15:31:56 | INFO     | Retrieved 18483 records for LOB: iPhone
15:31:56 | INFO     | Generated detailed product list: output\cohort_planograms\iphone_cohort_products_standard.txt
15:31:56 | INFO     | Successfully generated cohort planogram: output\cohort_planograms\iphone_cohort_detailed_standard.png
15:32:06 | INFO     | 🎯 Starting cohort planogram generation for iPhone - express
15:32:06 | INFO     | Loaded 23287 cohort records
15:32:06 | INFO     | Retrieved 18483 records for LOB: iPhone
15:32:06 | INFO     | Generating iPhone cohort planogram for express store
15:32:06 | INFO     | Loaded 23287 cohort records
15:32:06 | INFO     | Retrieved 18483 records for LOB: iPhone
15:32:06 | INFO     | Retrieved 18483 records for LOB: iPhone
15:32:06 | INFO     | Top 4 core products for iPhone: ['iPhone 16', 'iPhone 16 Pro Max', 'iPhone 15', 'iPhone 16 Pro']
15:32:06 | INFO     | Retrieved 18483 records for LOB: iPhone
15:32:06 | INFO     | Top 4 accessory categories for iPhone: ['Screen Protector', 'Wallet', 'PopSocket', 'Stand']
15:32:06 | INFO     | Retrieved 18483 records for LOB: iPhone
15:32:06 | INFO     | Created cohort matrix: (4, 4)
15:32:06 | INFO     | Retrieved 18483 records for LOB: iPhone
15:32:06 | INFO     | Retrieved 18483 records for LOB: iPhone
15:32:06 | INFO     | Retrieved top 8 cohort pairs
15:32:06 | INFO     | Retrieved 18483 records for LOB: iPhone
15:32:06 | INFO     | Generated summary stats for iPhone
15:32:07 | INFO     | Saved iPhone cohort planogram: output\cohort_planograms\iphone_cohort_detailed_express.png
15:32:07 | INFO     | Generating detailed product list for iPhone cohort combinations
15:32:07 | INFO     | Retrieved 18483 records for LOB: iPhone
15:32:07 | INFO     | Generated detailed product list: output\cohort_planograms\iphone_cohort_products_express.txt
15:32:07 | INFO     | Successfully generated cohort planogram: output\cohort_planograms\iphone_cohort_detailed_express.png
15:56:47 | INFO     | Loaded 23287 cohort records
15:56:47 | INFO     | Retrieved 18483 records for LOB: iPhone
15:56:47 | INFO     | Retrieved 18483 records for LOB: iPhone
15:56:47 | INFO     | Generated summary stats for iPhone
15:56:47 | INFO     | Retrieved 1387 records for LOB: iPad
15:56:47 | INFO     | Retrieved 1387 records for LOB: iPad
15:56:47 | INFO     | Generated summary stats for iPad
15:56:47 | INFO     | Retrieved 946 records for LOB: Mac
15:56:47 | INFO     | Retrieved 946 records for LOB: Mac
15:56:47 | INFO     | Generated summary stats for Mac
15:56:47 | INFO     | Retrieved 1419 records for LOB: Watch
15:56:47 | INFO     | Retrieved 1419 records for LOB: Watch
15:56:47 | INFO     | Generated summary stats for Watch
15:56:47 | INFO     | Retrieved 1052 records for LOB: AirPods
15:56:47 | INFO     | Retrieved 1052 records for LOB: AirPods
15:56:47 | INFO     | Generated summary stats for AirPods
15:56:47 | ERROR    | Error in cohort planogram generation: 'charmap' codec can't encode character '\u2705' in position 2: character maps to <undefined>
Traceback (most recent call last):
  File "C:\Users\Shivansh Pal\Desktop\Planogram_Project\cohort_planogram.py", line 70, in main
    runner.print_status_report()
  File "C:\Users\Shivansh Pal\Desktop\Planogram_Project\src\cohort_planogram\runner.py", line 174, in print_status_report
    print(f"\n{status} {lob}:")
  File "C:\Users\Shivansh Pal\AppData\Local\Programs\Python\Python311\Lib\encodings\cp1252.py", line 19, in encode
    return codecs.charmap_encode(input,self.errors,encoding_table)[0]
           ^^^^^^^^^^^^^^^^^^^^^^^^^^^^^^^^^^^^^^^^^^^^^^^^^^^^^^^
UnicodeEncodeError: 'charmap' codec can't encode character '\u2705' in position 2: character maps to <undefined>
16:06:53 | INFO     | Loaded 23287 cohort records
16:06:53 | INFO     | Retrieved 18483 records for LOB: iPhone
16:06:53 | INFO     | Retrieved 18483 records for LOB: iPhone
16:06:53 | INFO     | Generated summary stats for iPhone
16:06:53 | INFO     | Retrieved 1387 records for LOB: iPad
16:06:53 | INFO     | Retrieved 1387 records for LOB: iPad
16:06:53 | INFO     | Generated summary stats for iPad
16:06:53 | INFO     | Retrieved 946 records for LOB: Mac
16:06:53 | INFO     | Retrieved 946 records for LOB: Mac
16:06:53 | INFO     | Generated summary stats for Mac
16:06:53 | INFO     | Retrieved 1419 records for LOB: Watch
16:06:53 | INFO     | Retrieved 1419 records for LOB: Watch
16:06:53 | INFO     | Generated summary stats for Watch
16:06:53 | INFO     | Retrieved 1052 records for LOB: AirPods
16:06:53 | INFO     | Retrieved 1052 records for LOB: AirPods
16:06:53 | INFO     | Generated summary stats for AirPods
11:59:37 | INFO     | Starting cohort planogram generation for iPhone - flagship
11:59:37 | INFO     | Loaded 23287 cohort records
11:59:37 | INFO     | Retrieved 18483 records for LOB: iPhone
11:59:37 | INFO     | Generating iPhone cohort planogram for flagship store
11:59:37 | INFO     | Loaded 23287 cohort records
11:59:37 | INFO     | Retrieved 18483 records for LOB: iPhone
11:59:37 | INFO     | Top 6 core products for iPhone: ['iPhone 16', 'iPhone 16 Pro Max', 'iPhone 15', 'iPhone 16 Pro', 'iPhone 16 Plus', 'iPhone 15 Pro Max']
11:59:37 | INFO     | Top 8 accessory categories for iPhone: ['Screen Protector', 'Wallet', 'PopSocket', 'Stand', 'Ring Holder', 'Wireless Charger', 'Headphones', 'Cleaning Kit']
11:59:37 | INFO     | Created cohort matrix: (8, 6)
11:59:37 | INFO     | Retrieved top 8 cohort pairs
11:59:37 | INFO     | Generated summary stats for iPhone
11:59:38 | INFO     | Saved planogram: output\cohort_planograms\iphone_cohort_detailed_flagship.png
11:59:38 | INFO     | Generating detailed product list for iPhone cohort combinations
11:59:38 | INFO     | Generated detailed product list: output\cohort_planograms\iphone_cohort_products_flagship.txt
11:59:38 | INFO     | Successfully generated cohort planogram: output\cohort_planograms\iphone_cohort_detailed_flagship.png
