2025-07-06 19:09:51,309 | INFO     | logger          | __init__             | Logging initialized. Log file: logs\planogram_20250706.log
2025-07-06 19:10:00,732 | INFO     | main            | run_product_category_optimization | Loading Phone Cases for flagship store...
2025-07-06 19:10:00,757 | INFO     | main            | run_product_category_optimization | Loaded 399 products in Phone Cases
2025-07-06 19:10:00,773 | INFO     | main            | run_product_category_optimization | Running sales_velocity optimization...
2025-07-06 19:10:00,773 | INFO     | base_optimizer  | create_planogram     | Starting optimization with 60 products
2025-07-06 19:10:00,774 | INFO     | base_optimizer  | create_planogram     | After store filtering: 60 products
2025-07-06 19:10:00,774 | INFO     | product_optimizer | optimize             | Running product optimization with strategy: sales_velocity
2025-07-06 19:10:00,774 | ERROR    | base_optimizer  | create_planogram     | Optimization failed: 'Store' object has no attribute 'store_info'
2025-07-06 19:10:00,774 | ERROR    | main            | interactive_mode     | Error in interactive mode: Optimization failed: 'Store' object has no attribute 'store_info'
Traceback (most recent call last):
  File "C:\Users\Shivansh Pal\Desktop\Planogram_Project\src\optimization\base_optimizer.py", line 333, in create_planogram
    result = self.optimize(filtered_products, **kwargs)
             ^^^^^^^^^^^^^^^^^^^^^^^^^^^^^^^^^^^^^^^^^^
  File "C:\Users\Shivansh Pal\Desktop\Planogram_Project\src\utils\monitor.py", line 15, in wrapper
    result = func(*args, **kwargs)
             ^^^^^^^^^^^^^^^^^^^^^
  File "C:\Users\Shivansh Pal\Desktop\Planogram_Project\src\optimization\product_optimizer.py", line 26, in optimize
    result = self._optimize_by_sales(sorted_products)
             ^^^^^^^^^^^^^^^^^^^^^^^^^^^^^^^^^^^^^^^^
  File "C:\Users\Shivansh Pal\Desktop\Planogram_Project\src\optimization\product_optimizer.py", line 185, in _optimize_by_sales
    apple_shelves, tpa_shelves = self._get_brand_shelf_allocation()
                                 ^^^^^^^^^^^^^^^^^^^^^^^^^^^^^^^^^^
  File "C:\Users\Shivansh Pal\Desktop\Planogram_Project\src\optimization\product_optimizer.py", line 94, in _get_brand_shelf_allocation
    store_type = self.store.store_info.get('store_type', 'standard')
                 ^^^^^^^^^^^^^^^^^^^^^
AttributeError: 'Store' object has no attribute 'store_info'

During handling of the above exception, another exception occurred:

Traceback (most recent call last):
  File "C:\Users\Shivansh Pal\Desktop\Planogram_Project\main.py", line 45, in interactive_mode
    run_product_category_optimization(loader, logger)
  File "C:\Users\Shivansh Pal\Desktop\Planogram_Project\main.py", line 191, in run_product_category_optimization
    result = optimizer.create_planogram(products)
             ^^^^^^^^^^^^^^^^^^^^^^^^^^^^^^^^^^^^
  File "C:\Users\Shivansh Pal\Desktop\Planogram_Project\src\utils\error_handler.py", line 31, in wrapper
    return func(*args, **kwargs)
           ^^^^^^^^^^^^^^^^^^^^^
  File "C:\Users\Shivansh Pal\Desktop\Planogram_Project\src\optimization\base_optimizer.py", line 352, in create_planogram
    raise OptimizationError(f"Optimization failed: {str(e)}")
src.utils.error_handler.OptimizationError: Optimization failed: 'Store' object has no attribute 'store_info'
2025-07-06 19:12:24,656 | INFO     | logger          | __init__             | Logging initialized. Log file: logs\planogram_20250706.log
2025-07-06 19:12:32,093 | INFO     | main            | run_product_category_optimization | Loading Phone Cases for flagship store...
2025-07-06 19:12:32,109 | INFO     | main            | run_product_category_optimization | Loaded 399 products in Phone Cases
2025-07-06 19:12:32,123 | INFO     | main            | run_product_category_optimization | Running sales_velocity optimization...
2025-07-06 19:12:32,123 | INFO     | base_optimizer  | create_planogram     | Starting optimization with 60 products
2025-07-06 19:12:32,123 | INFO     | base_optimizer  | create_planogram     | After store filtering: 60 products
2025-07-06 19:12:32,123 | INFO     | product_optimizer | optimize             | Running product optimization with strategy: sales_velocity
2025-07-06 19:12:32,123 | INFO     | product_optimizer | _optimize_by_sales   | Apple products: 2 | Third-party products: 58
2025-07-06 19:12:32,123 | INFO     | product_optimizer | _optimize_by_sales   | Apple shelves: ['Eye Level Premium', 'Upper Display', 'Mid Level Main', 'Lower Access'] | TPA shelves: ['Eye Level Premium', 'Upper Display', 'Mid Level Main', 'Lower Access']
2025-07-06 19:12:32,123 | INFO     | product_optimizer | _optimize_by_sales   | === PLACING APPLE PRODUCTS ===
2025-07-06 19:12:32,123 | DEBUG    | base_optimizer  | _place_product_on_shelf | Successfully placed iPhone 16 Pro Max Clear Case with MagSafe on Eye Level Premium: 1 facings, 11.0cm wide at position 1.0cm
2025-07-06 19:12:32,190 | DEBUG    | base_optimizer  | _place_product_on_shelf | Successfully placed iPhone 16 Pro Clear Case with MagSafe on Upper Display: 1 facings, 11.0cm wide at position 1.0cm
2025-07-06 19:12:32,190 | INFO     | product_optimizer | _optimize_by_sales   | === PLACING THIRD-PARTY PRODUCTS ===
2025-07-06 19:12:32,222 | INFO     | base_optimizer  | create_planogram     | Optimization completed in 0.10s
2025-07-06 19:12:32,222 | INFO     | base_optimizer  | create_planogram     | Placed 2 products with 2 facings
2025-07-06 19:12:32,225 | INFO     | main            | visualize_and_export_results | Creating visualization...
2025-07-06 19:12:32,225 | INFO     | main            | visualize_and_export_results | Creating retail planogram...
2025-07-06 19:12:33,638 | INFO     | planogram_visualizer | create_realistic_retail_planogram | Realistic retail planogram saved to output/cases_flagship_sales_velocity_retail.png
2025-07-06 19:12:33,639 | INFO     | main            | visualize_and_export_results | Creating Excel export...
2025-07-06 19:12:33,983 | INFO     | excel_exporter  | export_planogram_to_excel | Excel export saved to output\cases_flagship_sales_velocity_details.xlsx
2025-07-06 21:04:03,386 | INFO     | logger          | __init__             | Logging initialized. Log file: logs\planogram_20250706.log
2025-07-06 21:04:31,706 | INFO     | main            | run_product_category_optimization | Loading Phone Cases for express store...
2025-07-06 21:04:31,735 | INFO     | main            | run_product_category_optimization | Loaded 399 products in Phone Cases
2025-07-06 21:04:31,763 | INFO     | main            | run_product_category_optimization | Running sales_velocity optimization...
2025-07-06 21:04:31,764 | INFO     | base_optimizer  | create_planogram     | Starting optimization with 20 products
2025-07-06 21:04:31,764 | INFO     | base_optimizer  | create_planogram     | After store filtering: 20 products
2025-07-06 21:04:31,764 | INFO     | product_optimizer | optimize             | Running product optimization with strategy: sales_velocity
2025-07-06 21:04:31,765 | INFO     | product_optimizer | _optimize_by_sales   | Apple products: 2 | Third-party products: 21
2025-07-06 21:04:31,765 | INFO     | product_optimizer | _optimize_by_sales   | Apple shelves: ['Eye Level Essentials', 'Quick Access'] | TPA shelves: ['Eye Level Essentials', 'Quick Access']
2025-07-06 21:04:31,765 | INFO     | product_optimizer | _optimize_by_sales   | Total shelf width available: 160.0cm
2025-07-06 21:04:31,765 | INFO     | product_optimizer | _optimize_by_sales   | === PLACING APPLE PRODUCTS ===
2025-07-06 21:04:31,765 | DEBUG    | base_optimizer  | _place_product_on_shelf | Successfully placed iPhone 16 Pro Max Clear Case with MagSafe on Eye Level Essentials: 1 facings, 11.0cm wide at position 1.0cm
2025-07-06 21:04:31,766 | DEBUG    | product_optimizer | _try_place_with_half_shelf_logic | Placed Apple product on Eye Level Essentials (Apple section: 0.0cm used)
2025-07-06 21:04:31,766 | INFO     | product_optimizer | _place_brand_products | [APPLE] #1: Placed iPhone 16 Pro Max Clear Case w... (sales: 51.9/day)
2025-07-06 21:04:31,766 | DEBUG    | base_optimizer  | _place_product_on_shelf | Successfully placed iPhone 16 Pro Clear Case with MagSafe on Eye Level Essentials: 1 facings, 11.0cm wide at position 13.0cm
2025-07-06 21:04:31,766 | DEBUG    | product_optimizer | _try_place_with_half_shelf_logic | Placed Apple product on Eye Level Essentials (Apple section: 11.0cm used)
2025-07-06 21:04:31,766 | INFO     | product_optimizer | _place_brand_products | [APPLE] #2: Placed iPhone 16 Pro Clear Case with ... (sales: 41.0/day)
2025-07-06 21:04:31,766 | INFO     | product_optimizer | _optimize_by_sales   | === PLACING THIRD-PARTY PRODUCTS ===
2025-07-06 21:04:31,766 | DEBUG    | base_optimizer  | _place_product_on_shelf | Successfully placed Gripp FOCAL Camera Lens Protector 3N1  Compatible with Apple iPhone 16 Pro   iPhone 16 Pro Max  - Gold on Eye Level Essentials: 1 facings, 11.0cm wide at position 25.0cm
2025-07-06 21:04:31,766 | DEBUG    | product_optimizer | _try_place_with_half_shelf_logic | Placed TPA product on Eye Level Essentials (TPA section: 0.0cm used)
2025-07-06 21:04:31,766 | INFO     | product_optimizer | _place_brand_products | [TPA] #1: Placed Gripp FOCAL Camera Lens Protec... (sales: 100.0/day)
2025-07-06 21:04:31,767 | DEBUG    | base_optimizer  | _place_product_on_shelf | Successfully placed Gripp FOCAL Camera Lens Protector 3N1  Compatible with Apple iPhone 16 Pro   iPhone 16 Pro Max  - Natural Titanium on Eye Level Essentials: 1 facings, 11.0cm wide at position 37.0cm
2025-07-06 21:04:31,767 | DEBUG    | product_optimizer | _try_place_with_half_shelf_logic | Placed TPA product on Eye Level Essentials (TPA section: 0.0cm used)
2025-07-06 21:04:31,767 | INFO     | product_optimizer | _place_brand_products | [TPA] #2: Placed Gripp FOCAL Camera Lens Protec... (sales: 59.7/day)
2025-07-06 21:04:31,767 | DEBUG    | base_optimizer  | _place_product_on_shelf | Successfully placed Gripp FOCAL Camera Lens Protector 3N1 Compatible with Apple iPhone 16 Pro   iPhone 16 Pro Max  - Black on Eye Level Essentials: 1 facings, 11.0cm wide at position 49.0cm
2025-07-06 21:04:31,767 | DEBUG    | product_optimizer | _try_place_with_half_shelf_logic | Placed TPA product on Eye Level Essentials (TPA section: 0.0cm used)
2025-07-06 21:04:31,767 | INFO     | product_optimizer | _place_brand_products | [TPA] #3: Placed Gripp FOCAL Camera Lens Protec... (sales: 53.2/day)
2025-07-06 21:04:31,767 | DEBUG    | base_optimizer  | _place_product_on_shelf | Successfully placed Pulse CRYSTAL Case with Metal Camera Stand for iPhone 16-White on Eye Level Essentials: 1 facings, 11.0cm wide at position 61.0cm
2025-07-06 21:04:31,767 | DEBUG    | product_optimizer | _try_place_with_half_shelf_logic | Placed TPA product on Eye Level Essentials (TPA section: 11.0cm used)
2025-07-06 21:04:31,767 | INFO     | product_optimizer | _place_brand_products | [TPA] #4: Placed Pulse CRYSTAL Case with Metal ... (sales: 46.0/day)
2025-07-06 21:04:31,767 | INFO     | product_optimizer | _place_brand_products | [REJECTED] #5: Gripp Privacy Glass for  Apple... (sales: 64.4/day)
2025-07-06 21:04:31,767 | INFO     | product_optimizer | _place_brand_products | [REJECTED] #6: Gripp Privacy Glass for  Apple... (sales: 64.4/day)
2025-07-06 21:04:31,767 | INFO     | product_optimizer | _place_brand_products | [REJECTED] #7: Gripp Clear MagSafe Case for A... (sales: 55.8/day)
2025-07-06 21:04:31,767 | INFO     | product_optimizer | _place_brand_products | [REJECTED] #8: Gripp FOCAL Camera Lens Protec... (sales: 53.9/day)
2025-07-06 21:04:31,767 | INFO     | product_optimizer | _place_brand_products | [REJECTED] #9: Pulse Super crystal magsafe ca... (sales: 41.0/day)
2025-07-06 21:04:31,767 | INFO     | product_optimizer | _place_brand_products | [REJECTED] #10: Pulse Newton Magsafe Case for ... (sales: 40.5/day)
2025-07-06 21:04:31,767 | INFO     | base_optimizer  | create_planogram     | Optimization completed in 0.00s
2025-07-06 21:04:31,767 | INFO     | base_optimizer  | create_planogram     | Placed 6 products with 6 facings
2025-07-06 21:04:31,769 | INFO     | main            | visualize_and_export_results | Creating visualization...
2025-07-06 21:04:31,769 | INFO     | main            | visualize_and_export_results | Creating retail planogram...
2025-07-06 21:04:32,324 | INFO     | planogram_visualizer | create_realistic_retail_planogram | Realistic retail planogram saved to output/cases_express_sales_velocity_retail.png
2025-07-06 21:04:32,324 | INFO     | main            | visualize_and_export_results | Creating Excel export...
2025-07-06 21:04:32,581 | INFO     | excel_exporter  | export_planogram_to_excel | Excel export saved to output\cases_express_sales_velocity_details.xlsx
2025-07-06 22:04:31,992 | INFO     | logger          | __init__             | Logging initialized. Log file: logs\planogram_20250706.log
2025-07-06 22:04:39,347 | INFO     | main            | run_product_category_optimization | Loading Phone Cases for express store...
2025-07-06 22:04:39,371 | INFO     | main            | run_product_category_optimization | Loaded 399 products in Phone Cases
2025-07-06 22:04:39,379 | INFO     | main            | run_product_category_optimization | Running sales_velocity optimization...
2025-07-06 22:04:39,379 | INFO     | base_optimizer  | create_planogram     | Starting optimization with 20 products
2025-07-06 22:04:39,379 | INFO     | base_optimizer  | create_planogram     | After store filtering: 20 products
2025-07-06 22:04:39,379 | INFO     | product_optimizer | optimize             | Running product optimization with strategy: sales_velocity
2025-07-06 22:04:39,379 | INFO     | product_optimizer | _optimize_by_sales   | Brand distribution: {'Gripp': 10, 'Apple': 2, 'Pulse': 8}
2025-07-06 22:04:39,379 | INFO     | product_optimizer | _optimize_by_sales   | Apple products: 2 | Third-party products: 21
2025-07-06 22:04:39,379 | INFO     | product_optimizer | _optimize_by_sales   | Store type: express
2025-07-06 22:04:39,379 | INFO     | product_optimizer | _optimize_by_sales   | Strategy: Apple top shelf, TPA bottom shelf
2025-07-06 22:04:39,379 | INFO     | product_optimizer | _optimize_by_sales   | Apple shelves: ['Eye Level Essentials', 'Quick Access'] | TPA shelves: []
2025-07-06 22:04:39,379 | INFO     | product_optimizer | _optimize_by_sales   | Total shelf width available: 160.0cm
2025-07-06 22:04:39,379 | INFO     | product_optimizer | _optimize_by_sales   | === PLACING APPLE PRODUCTS ===
2025-07-06 22:04:39,379 | DEBUG    | base_optimizer  | _place_product_on_shelf | Successfully placed iPhone 16 Pro Max Clear Case with MagSafe on Eye Level Essentials: 1 facings, 11.0cm wide at position 1.0cm
2025-07-06 22:04:39,379 | INFO     | product_optimizer | _place_brand_products | [APPLE] #1: Placed iPhone 16 Pro Max Clear Case w... (sales: 51.9/day)
2025-07-06 22:04:39,379 | DEBUG    | base_optimizer  | _place_product_on_shelf | Successfully placed iPhone 16 Pro Clear Case with MagSafe on Eye Level Essentials: 1 facings, 11.0cm wide at position 13.0cm
2025-07-06 22:04:39,379 | INFO     | product_optimizer | _place_brand_products | [APPLE] #2: Placed iPhone 16 Pro Clear Case with ... (sales: 41.0/day)
2025-07-06 22:04:39,379 | INFO     | product_optimizer | _optimize_by_sales   | === PLACING THIRD-PARTY PRODUCTS ===
2025-07-06 22:04:39,379 | INFO     | product_optimizer | _place_brand_products | [REJECTED] #1: Gripp FOCAL Camera Lens Protec... (sales: 100.0/day)
2025-07-06 22:04:39,379 | INFO     | product_optimizer | _place_brand_products | [REJECTED] #2: Gripp FOCAL Camera Lens Protec... (sales: 59.7/day)
2025-07-06 22:04:39,379 | INFO     | product_optimizer | _place_brand_products | [REJECTED] #3: Gripp FOCAL Camera Lens Protec... (sales: 53.2/day)
2025-07-06 22:04:39,379 | INFO     | product_optimizer | _place_brand_products | [REJECTED] #4: Pulse CRYSTAL Case with Metal ... (sales: 46.0/day)
2025-07-06 22:04:39,379 | INFO     | product_optimizer | _place_brand_products | [REJECTED] #5: Gripp Privacy Glass for  Apple... (sales: 64.4/day)
2025-07-06 22:04:39,379 | INFO     | product_optimizer | _place_brand_products | [REJECTED] #6: Gripp Privacy Glass for  Apple... (sales: 64.4/day)
2025-07-06 22:04:39,379 | INFO     | product_optimizer | _place_brand_products | [REJECTED] #7: Gripp Clear MagSafe Case for A... (sales: 55.8/day)
2025-07-06 22:04:39,379 | INFO     | product_optimizer | _place_brand_products | [REJECTED] #8: Gripp FOCAL Camera Lens Protec... (sales: 53.9/day)
2025-07-06 22:04:39,379 | INFO     | product_optimizer | _place_brand_products | [REJECTED] #9: Pulse Super crystal magsafe ca... (sales: 41.0/day)
2025-07-06 22:04:39,379 | INFO     | product_optimizer | _place_brand_products | [REJECTED] #10: Pulse Newton Magsafe Case for ... (sales: 40.5/day)
2025-07-06 22:04:39,379 | INFO     | base_optimizer  | create_planogram     | Optimization completed in 0.00s
2025-07-06 22:04:39,379 | INFO     | base_optimizer  | create_planogram     | Placed 2 products with 2 facings
2025-07-06 22:04:39,384 | INFO     | main            | visualize_and_export_results | Creating visualization...
2025-07-06 22:04:39,384 | INFO     | main            | visualize_and_export_results | Creating retail planogram...
2025-07-06 22:04:40,079 | INFO     | planogram_visualizer | create_realistic_retail_planogram | Realistic retail planogram saved to output/cases_express_sales_velocity_retail.png
2025-07-06 22:04:40,079 | INFO     | main            | visualize_and_export_results | Creating Excel export...
2025-07-06 22:04:40,343 | INFO     | excel_exporter  | export_planogram_to_excel | Excel export saved to output\cases_express_sales_velocity_details.xlsx
