2025-07-17 00:10:53,695 | INFO     | logger          | __init__             | Logging initialized. Log file: logs\planogram_20250717.log
2025-07-17 00:27:25,703 | INFO     | logger          | __init__             | Logging initialized. Log file: logs\planogram_20250717.log
2025-07-17 00:48:33,110 | INFO     | logger          | __init__             | Logging initialized. Log file: logs\planogram_20250717.log
2025-07-17 01:21:02,469 | INFO     | logger          | __init__             | Logging initialized. Log file: logs\planogram_20250717.log
2025-07-17 01:25:26,230 | INFO     | logger          | __init__             | Logging initialized. Log file: logs\planogram_20250717.log
2025-07-17 01:31:26,611 | INFO     | logger          | __init__             | Logging initialized. Log file: logs\planogram_20250717.log
2025-07-17 01:38:02,014 | INFO     | logger          | __init__             | Logging initialized. Log file: logs\planogram_20250717.log
2025-07-17 01:39:17,447 | INFO     | logger          | __init__             | Logging initialized. Log file: logs\planogram_20250717.log
2025-07-17 01:40:03,785 | INFO     | logger          | __init__             | Logging initialized. Log file: logs\planogram_20250717.log
2025-07-17 01:40:03,785 | INFO     | base_optimizer  | create_planogram     | Starting optimization with 67 products
2025-07-17 01:40:03,785 | INFO     | base_optimizer  | create_planogram     | After store filtering: 67 products
2025-07-17 01:40:03,794 | INFO     | product_optimizer | optimize             | Running product optimization with strategy: sales_velocity
2025-07-17 01:40:03,794 | INFO     | product_optimizer | _optimize_by_sales   | Brand distribution: {'Gripp': 21, 'Apple': 2, 'Pulse': 37, 'Tekne': 7}
2025-07-17 01:40:03,794 | DEBUG    | product_optimizer | _sort_by_sales_and_iphone16_priority | Ensured representation: iPhone 16 Pro - iPhone 16 Pro Clear 
2025-07-17 01:40:03,794 | DEBUG    | product_optimizer | _sort_by_sales_and_iphone16_priority | Ensured representation: iPhone 16 Pro Max - iPhone 16 Pro Max Cl
2025-07-17 01:40:03,794 | DEBUG    | product_optimizer | _sort_by_sales_and_iphone16_priority | Ensured representation: iPhone 16 Base - Pulse CRYSTAL Case w
2025-07-17 01:40:03,794 | DEBUG    | product_optimizer | _sort_by_sales_and_iphone16_priority | Ensured representation: iPhone 16 Plus - Gripp FOCAL Camera L
2025-07-17 01:40:03,794 | DEBUG    | product_optimizer | _sort_by_sales_and_iphone16_priority | Ensured representation: iPhone 16 Pro Max - Gripp FOCAL Camera L
2025-07-17 01:40:03,794 | INFO     | product_optimizer | _optimize_by_sales   | Apple series in top 10: {'iPhone 16 Pro': 1, 'iPhone 16 Pro Max': 1}
2025-07-17 01:40:03,794 | INFO     | product_optimizer | _optimize_by_sales   | Apple products: 2 | Third-party products: 30
2025-07-17 01:40:03,794 | INFO     | product_optimizer | _optimize_by_sales   | Store type: flagship
2025-07-17 01:40:03,794 | INFO     | product_optimizer | _optimize_by_sales   | Strategy: Apple first half, TPA second half (all shelves)
2025-07-17 01:40:03,794 | INFO     | product_optimizer | _optimize_by_sales   | Apple shelves: ['Apple Premium Row 1', 'Apple Premium Row 2', 'Apple Premium Row 3', 'Apple Premium Row 4', 'Third Party Row 1', 'Third Party Row 2', 'Third Party Row 3', 'Third Party Row 4'] | TPA shelves: ['Apple Premium Row 1', 'Apple Premium Row 2', 'Apple Premium Row 3', 'Apple Premium Row 4', 'Third Party Row 1', 'Third Party Row 2', 'Third Party Row 3', 'Third Party Row 4']
2025-07-17 01:40:03,794 | INFO     | product_optimizer | _optimize_by_sales   | Total shelf width available: 536.0cm
2025-07-17 01:40:03,794 | INFO     | product_optimizer | _optimize_by_sales   | === PLACING APPLE PRODUCTS ===
2025-07-17 01:40:03,794 | INFO     | product_optimizer | _diversify_apple_products | Selected Apple clear product: iPhone 16 Pro Max Clear Case with MagSafe... (sales: 51.9/day)
2025-07-17 01:40:03,794 | INFO     | product_optimizer | _diversify_apple_products | Selected Apple clear product: iPhone 16 Pro Clear Case with MagSafe... (sales: 41.0/day)
2025-07-17 01:40:03,802 | INFO     | product_optimizer | _diversify_apple_products | Apple color diversity: 2 products selected with maximum unique color representation
2025-07-17 01:40:03,802 | DEBUG    | base_optimizer  | _place_product_on_shelf | Successfully placed iPhone 16 Pro Max Clear Case with MagSafe on Apple Premium Row 1: 1 facings, 11.0cm wide at position 1.0cm
2025-07-17 01:40:03,802 | DEBUG    | product_optimizer | _try_place_with_half_shelf_logic | Placed Apple product on Apple Premium Row 1 (Apple section: 0.0cm used)
2025-07-17 01:40:03,802 | INFO     | product_optimizer | _place_brand_products | [APPLE] #1: Placed iPhone 16 Pro Max Clear Case w... (sales: 51.9/day)
2025-07-17 01:40:03,802 | DEBUG    | base_optimizer  | _place_product_on_shelf | Successfully placed iPhone 16 Pro Clear Case with MagSafe on Apple Premium Row 2: 1 facings, 11.0cm wide at position 1.0cm
2025-07-17 01:40:03,802 | DEBUG    | product_optimizer | _try_place_with_half_shelf_logic | Placed Apple product on Apple Premium Row 2 (Apple section: 0.0cm used)
2025-07-17 01:40:03,802 | INFO     | product_optimizer | _place_brand_products | [APPLE] #2: Placed iPhone 16 Pro Clear Case with ... (sales: 41.0/day)
2025-07-17 01:40:03,802 | INFO     | product_optimizer | _optimize_by_sales   | === PLACING THIRD-PARTY PRODUCTS ===
2025-07-17 01:40:03,802 | INFO     | product_optimizer | _filter_tpa_brands   | Filtered TPA brands: 14 products from ['Pulse', 'Gripp', 'Tekne']
2025-07-17 01:40:03,802 | INFO     | product_optimizer | _diversify_tpa_products | [COLOR DEBUG] Product: 'Gripp FOCAL Camera Lens Protector 3N1  Compatible with Apple iPhone 16 Pro   iPhone 16 Pro Max  - Gold' | Subcat: 'lens_protector' | Detected color: 'gold'
2025-07-17 01:40:03,802 | INFO     | product_optimizer | _diversify_tpa_products | [COLOR DEBUG] Product: 'Gripp Privacy Glass for  Apple iPhone 15 Pro Max  6.7    Black' | Subcat: '' | Detected color: 'black'
2025-07-17 01:40:03,802 | INFO     | product_optimizer | _diversify_tpa_products | [COLOR DEBUG] Product: 'Gripp FOCAL Camera Lens Protector 3N1  Compatible with Apple iPhone 16 Pro   iPhone 16 Pro Max  - Natural Titanium' | Subcat: 'lens_protector' | Detected color: 'lens_protector'
2025-07-17 01:40:03,802 | INFO     | product_optimizer | _diversify_tpa_products | [COLOR DEBUG] Product: 'Gripp Clear MagSafe Case for Apple iPhone 15 Max  6.7  with White Ring - Clear' | Subcat: 'magsafe' | Detected color: 'clear'
2025-07-17 01:40:03,802 | INFO     | product_optimizer | _diversify_tpa_products | [COLOR DEBUG] Product: 'Gripp FOCAL Camera Lens Protector 3N1 (Compatible with Apple iPhone 15 Pro & iPhone 15 Pro Max) - Grey/Gold' | Subcat: 'lens_protector' | Detected color: 'grey'
2025-07-17 01:40:03,802 | INFO     | product_optimizer | _diversify_tpa_products | [COLOR DEBUG] Product: 'Gripp FOCAL Camera Lens Protector 3N1 Compatible with Apple iPhone 16 Pro   iPhone 16 Pro Max  - Black' | Subcat: 'lens_protector' | Detected color: 'black'
2025-07-17 01:40:03,810 | INFO     | product_optimizer | _diversify_tpa_products | [COLOR DEBUG] Product: 'Gripp FOCAL Camera Lens Protector 3N1  Compatible with Apple iPhone 16 Pro   iPhone 16 Pro Max  - Silver' | Subcat: 'lens_protector' | Detected color: 'silver'
2025-07-17 01:40:03,810 | INFO     | product_optimizer | _diversify_tpa_products | [COLOR DEBUG] Product: 'Gripp Dust Proof 3D Tempered Glass for Apple iPhone 16 Pro Max  6.9   - Black' | Subcat: 'tempered_glass' | Detected color: 'black'
2025-07-17 01:40:03,810 | INFO     | product_optimizer | _diversify_tpa_products | [COLOR DEBUG] Product: 'Pulse CRYSTAL Case with Metal Camera Stand for iPhone 16-White' | Subcat: 'crystal' | Detected color: 'white'
2025-07-17 01:40:03,810 | INFO     | product_optimizer | _diversify_tpa_products | [COLOR DEBUG] Product: 'Pulse Super crystal magsafe case for iPhone 15-Black' | Subcat: 'magsafe' | Detected color: 'black'
2025-07-17 01:40:03,810 | INFO     | product_optimizer | _diversify_tpa_products | [COLOR DEBUG] Product: 'PULSE Matt Magsafe Case for iPhone 16-Black' | Subcat: 'magsafe' | Detected color: 'black'
2025-07-17 01:40:03,810 | INFO     | product_optimizer | _diversify_tpa_products | [COLOR DEBUG] Product: 'PULSE ARMOUR Case for iPhone 16-Black' | Subcat: 'armour' | Detected color: 'black'
2025-07-17 01:40:03,810 | INFO     | product_optimizer | _diversify_tpa_products | [COLOR DEBUG] Product: 'Tekne CLEAR Case with Camera stand for iPhone 16 Pro Max-White' | Subcat: 'clear' | Detected color: 'clear'
2025-07-17 01:40:03,810 | INFO     | product_optimizer | _diversify_tpa_products | [COLOR DEBUG] Product: 'Tekne CLEAR Case with Camera stand for iPhone 16 Pro Max-Black' | Subcat: 'clear' | Detected color: 'clear'
2025-07-17 01:40:03,810 | INFO     | product_optimizer | _diversify_tpa_products | Selected TPA gold product: Gripp FOCAL Camera Lens Protector 3N1  Compatible ... (sales: 100.0/day)
2025-07-17 01:40:03,810 | INFO     | product_optimizer | _diversify_tpa_products | Selected TPA black product: Gripp Privacy Glass for  Apple iPhone 15 Pro Max  ... (sales: 64.4/day)
2025-07-17 01:40:03,810 | INFO     | product_optimizer | _diversify_tpa_products | Selected TPA lens_protector product: Gripp FOCAL Camera Lens Protector 3N1  Compatible ... (sales: 59.7/day)
2025-07-17 01:40:03,810 | INFO     | product_optimizer | _diversify_tpa_products | Selected TPA clear product: Gripp Clear MagSafe Case for Apple iPhone 15 Max  ... (sales: 55.8/day)
2025-07-17 01:40:03,810 | INFO     | product_optimizer | _diversify_tpa_products | Selected TPA grey product: Gripp FOCAL Camera Lens Protector 3N1 (Compatible ... (sales: 53.9/day)
2025-07-17 01:40:03,810 | INFO     | product_optimizer | _diversify_tpa_products | Selected TPA silver product: Gripp FOCAL Camera Lens Protector 3N1  Compatible ... (sales: 42.2/day)
2025-07-17 01:40:03,810 | INFO     | product_optimizer | _diversify_tpa_products | Selected TPA white product: Pulse CRYSTAL Case with Metal Camera Stand for iPh... (sales: 46.0/day)
2025-07-17 01:40:03,810 | INFO     | product_optimizer | _diversify_tpa_products | Selected TPA black product: Gripp FOCAL Camera Lens Protector 3N1 Compatible w... (sales: 53.2/day)
2025-07-17 01:40:03,810 | INFO     | product_optimizer | _diversify_tpa_products | Selected TPA clear product: Tekne CLEAR Case with Camera stand for iPhone 16 P... (sales: 32.1/day)
2025-07-17 01:40:03,810 | INFO     | product_optimizer | _diversify_tpa_products | Selected TPA black product: Pulse Super crystal magsafe case for iPhone 15-Bla... (sales: 41.0/day)
2025-07-17 01:40:03,810 | INFO     | product_optimizer | _diversify_tpa_products | Selected TPA clear product: Tekne CLEAR Case with Camera stand for iPhone 16 P... (sales: 28.5/day)
2025-07-17 01:40:03,818 | INFO     | product_optimizer | _diversify_tpa_products | Selected TPA black product: Gripp Dust Proof 3D Tempered Glass for Apple iPhon... (sales: 38.4/day)
2025-07-17 01:40:03,818 | INFO     | product_optimizer | _diversify_tpa_products | Selected TPA black product: PULSE Matt Magsafe Case for iPhone 16-Black... (sales: 35.4/day)
2025-07-17 01:40:03,818 | INFO     | product_optimizer | _diversify_tpa_products | Selected TPA black product: PULSE ARMOUR Case for iPhone 16-Black... (sales: 34.2/day)
2025-07-17 01:40:03,818 | INFO     | product_optimizer | _diversify_tpa_products | TPA color diversity: 14 products selected with maximum unique color representation
2025-07-17 01:40:03,818 | DEBUG    | base_optimizer  | _place_product_on_shelf | Successfully placed Gripp FOCAL Camera Lens Protector 3N1  Compatible with Apple iPhone 16 Pro   iPhone 16 Pro Max  - Gold on Apple Premium Row 3: 1 facings, 11.0cm wide at position 1.0cm
2025-07-17 01:40:03,818 | DEBUG    | product_optimizer | _try_place_with_half_shelf_logic | Placed TPA product on Apple Premium Row 3 (TPA section: 0.0cm used)
2025-07-17 01:40:03,818 | INFO     | product_optimizer | _place_brand_products | [TPA] #1: Placed Gripp FOCAL Camera Lens Protec... (sales: 100.0/day)
2025-07-17 01:40:03,818 | DEBUG    | base_optimizer  | _place_product_on_shelf | Successfully placed Gripp Privacy Glass for  Apple iPhone 15 Pro Max  6.7    Black on Apple Premium Row 4: 1 facings, 11.0cm wide at position 1.0cm
2025-07-17 01:40:03,822 | DEBUG    | product_optimizer | _try_place_with_half_shelf_logic | Placed TPA product on Apple Premium Row 4 (TPA section: 0.0cm used)
2025-07-17 01:40:03,822 | INFO     | product_optimizer | _place_brand_products | [TPA] #2: Placed Gripp Privacy Glass for  Apple... (sales: 64.4/day)
2025-07-17 01:40:03,822 | DEBUG    | base_optimizer  | _place_product_on_shelf | Successfully placed Gripp FOCAL Camera Lens Protector 3N1  Compatible with Apple iPhone 16 Pro   iPhone 16 Pro Max  - Natural Titanium on Third Party Row 1: 1 facings, 11.0cm wide at position 1.0cm
2025-07-17 01:40:03,822 | DEBUG    | product_optimizer | _try_place_with_half_shelf_logic | Placed TPA product on Third Party Row 1 (TPA section: 0.0cm used)
2025-07-17 01:40:03,822 | INFO     | product_optimizer | _place_brand_products | [TPA] #3: Placed Gripp FOCAL Camera Lens Protec... (sales: 59.7/day)
2025-07-17 01:40:03,822 | DEBUG    | base_optimizer  | _place_product_on_shelf | Successfully placed Gripp Clear MagSafe Case for Apple iPhone 15 Max  6.7  with White Ring - Clear on Third Party Row 2: 1 facings, 11.0cm wide at position 1.0cm
2025-07-17 01:40:03,822 | DEBUG    | product_optimizer | _try_place_with_half_shelf_logic | Placed TPA product on Third Party Row 2 (TPA section: 0.0cm used)
2025-07-17 01:40:03,824 | INFO     | product_optimizer | _place_brand_products | [TPA] #4: Placed Gripp Clear MagSafe Case for A... (sales: 55.8/day)
2025-07-17 01:40:03,824 | DEBUG    | base_optimizer  | _place_product_on_shelf | Successfully placed Gripp FOCAL Camera Lens Protector 3N1 (Compatible with Apple iPhone 15 Pro & iPhone 15 Pro Max) - Grey/Gold on Third Party Row 3: 1 facings, 11.0cm wide at position 1.0cm
2025-07-17 01:40:03,824 | DEBUG    | product_optimizer | _try_place_with_half_shelf_logic | Placed TPA product on Third Party Row 3 (TPA section: 0.0cm used)
2025-07-17 01:40:03,824 | INFO     | product_optimizer | _place_brand_products | [TPA] #5: Placed Gripp FOCAL Camera Lens Protec... (sales: 53.9/day)
2025-07-17 01:40:03,824 | DEBUG    | base_optimizer  | _place_product_on_shelf | Successfully placed Gripp FOCAL Camera Lens Protector 3N1  Compatible with Apple iPhone 16 Pro   iPhone 16 Pro Max  - Silver on Third Party Row 4: 1 facings, 11.0cm wide at position 1.0cm
2025-07-17 01:40:03,824 | DEBUG    | product_optimizer | _try_place_with_half_shelf_logic | Placed TPA product on Third Party Row 4 (TPA section: 0.0cm used)
2025-07-17 01:40:03,824 | INFO     | product_optimizer | _place_brand_products | [TPA] #6: Placed Gripp FOCAL Camera Lens Protec... (sales: 42.2/day)
2025-07-17 01:40:03,824 | DEBUG    | base_optimizer  | _place_product_on_shelf | Successfully placed Pulse CRYSTAL Case with Metal Camera Stand for iPhone 16-White on Apple Premium Row 1: 1 facings, 11.0cm wide at position 13.0cm
2025-07-17 01:40:03,826 | DEBUG    | product_optimizer | _try_place_with_half_shelf_logic | Placed TPA product on Apple Premium Row 1 (TPA section: 0.0cm used)
2025-07-17 01:40:03,826 | INFO     | product_optimizer | _place_brand_products | [TPA] #7: Placed Pulse CRYSTAL Case with Metal ... (sales: 46.0/day)
2025-07-17 01:40:03,826 | DEBUG    | base_optimizer  | _place_product_on_shelf | Successfully placed Gripp FOCAL Camera Lens Protector 3N1 Compatible with Apple iPhone 16 Pro   iPhone 16 Pro Max  - Black on Apple Premium Row 2: 1 facings, 11.0cm wide at position 13.0cm
2025-07-17 01:40:03,826 | DEBUG    | product_optimizer | _try_place_with_half_shelf_logic | Placed TPA product on Apple Premium Row 2 (TPA section: 0.0cm used)
2025-07-17 01:40:03,826 | INFO     | product_optimizer | _place_brand_products | [TPA] #8: Placed Gripp FOCAL Camera Lens Protec... (sales: 53.2/day)
2025-07-17 01:40:03,826 | DEBUG    | base_optimizer  | _place_product_on_shelf | Successfully placed Tekne CLEAR Case with Camera stand for iPhone 16 Pro Max-White on Apple Premium Row 3: 1 facings, 11.0cm wide at position 13.0cm
2025-07-17 01:40:03,826 | DEBUG    | product_optimizer | _try_place_with_half_shelf_logic | Placed TPA product on Apple Premium Row 3 (TPA section: 0.0cm used)
2025-07-17 01:40:03,826 | INFO     | product_optimizer | _place_brand_products | [TPA] #9: Placed Tekne CLEAR Case with Camera s... (sales: 32.1/day)
2025-07-17 01:40:03,826 | DEBUG    | base_optimizer  | _place_product_on_shelf | Successfully placed Pulse Super crystal magsafe case for iPhone 15-Black on Apple Premium Row 4: 1 facings, 11.0cm wide at position 13.0cm
2025-07-17 01:40:03,826 | DEBUG    | product_optimizer | _try_place_with_half_shelf_logic | Placed TPA product on Apple Premium Row 4 (TPA section: 0.0cm used)
2025-07-17 01:40:03,826 | INFO     | product_optimizer | _place_brand_products | [TPA] #10: Placed Pulse Super crystal magsafe ca... (sales: 41.0/day)
2025-07-17 01:40:03,826 | DEBUG    | base_optimizer  | _place_product_on_shelf | Successfully placed Tekne CLEAR Case with Camera stand for iPhone 16 Pro Max-Black on Third Party Row 1: 1 facings, 11.0cm wide at position 13.0cm
2025-07-17 01:40:03,826 | DEBUG    | product_optimizer | _try_place_with_half_shelf_logic | Placed TPA product on Third Party Row 1 (TPA section: 0.0cm used)
2025-07-17 01:40:03,826 | DEBUG    | base_optimizer  | _place_product_on_shelf | Successfully placed Gripp Dust Proof 3D Tempered Glass for Apple iPhone 16 Pro Max  6.9   - Black on Third Party Row 2: 1 facings, 11.0cm wide at position 13.0cm
2025-07-17 01:40:03,826 | DEBUG    | product_optimizer | _try_place_with_half_shelf_logic | Placed TPA product on Third Party Row 2 (TPA section: 0.0cm used)
2025-07-17 01:40:03,826 | DEBUG    | base_optimizer  | _place_product_on_shelf | Successfully placed PULSE Matt Magsafe Case for iPhone 16-Black on Third Party Row 3: 1 facings, 11.0cm wide at position 13.0cm
2025-07-17 01:40:03,826 | DEBUG    | product_optimizer | _try_place_with_half_shelf_logic | Placed TPA product on Third Party Row 3 (TPA section: 0.0cm used)
2025-07-17 01:40:03,826 | DEBUG    | base_optimizer  | _place_product_on_shelf | Successfully placed PULSE ARMOUR Case for iPhone 16-Black on Third Party Row 4: 1 facings, 11.0cm wide at position 13.0cm
2025-07-17 01:40:03,826 | DEBUG    | product_optimizer | _try_place_with_half_shelf_logic | Placed TPA product on Third Party Row 4 (TPA section: 0.0cm used)
2025-07-17 01:40:03,826 | DEBUG    | base_optimizer  | _validate_products_placed_sync | Synced products_placed: 16 products actually on shelves
2025-07-17 01:40:03,826 | INFO     | base_optimizer  | create_planogram     | Optimization completed in 0.04s
2025-07-17 01:40:03,826 | INFO     | base_optimizer  | create_planogram     | Placed 16 products with 16 facings
