2025-07-23 00:34:06,816 | INFO     | logger          | __init__             | Logging initialized. Log file: logs\planogram_20250723.log
2025-07-23 00:34:06,817 | INFO     | smart_accessory_optimizer | optimize             | Running smart accessory optimization for: cases
2025-07-23 00:34:06,818 | INFO     | smart_accessory_optimizer | _optimize_cases      | Optimizing iPhone cases with smart allocation...
2025-07-23 00:34:06,818 | INFO     | smart_accessory_optimizer | _allocate_walls_for_cases | Wall allocation strategy: ['cases_apple', 'cases_tpa', 'accessories']
2025-07-23 00:34:06,818 | INFO     | smart_accessory_optimizer | _balance_variants    | Balanced variants: ['iPhone 16 Pro Max', 'iPhone 16 Pro', 'iPhone 16 Plus', 'iPhone 16 Base', 'iPhone 16 Pro Max', 'iPhone 16 Pro Max', 'iPhone 16 Pro Max', 'iPhone 16 Pro Max', 'iPhone 16 Pro Max', 'iPhone 16 Pro Max']
2025-07-23 01:12:49,579 | INFO     | logger          | __init__             | Logging initialized. Log file: logs\planogram_20250723.log
2025-07-23 01:12:49,580 | INFO     | smart_accessory_optimizer | optimize             | Running smart accessory optimization for: cases
2025-07-23 01:12:49,581 | INFO     | smart_accessory_optimizer | _optimize_cases      | Optimizing iPhone cases with smart allocation...
2025-07-23 01:12:49,582 | INFO     | smart_accessory_optimizer | _allocate_walls_for_cases | Wall allocation strategy: ['cases_apple', 'cases_tpa', 'accessories']
2025-07-23 01:12:49,583 | INFO     | smart_accessory_optimizer | _balance_variants    | Balanced variants: ['iPhone 16 Pro Max', 'iPhone 16 Pro', 'iPhone 16 Plus', 'iPhone 16 Base', 'iPhone 16 Pro Max', 'iPhone 16 Pro Max', 'iPhone 16 Pro Max', 'iPhone 16 Pro Max', 'iPhone 16 Pro Max', 'iPhone 16 Pro Max']
2025-07-23 01:12:51,581 | INFO     | smart_accessory_optimizer | _generate_intelligent_cases_planogram | Generated intelligent cases planogram: output/Smart Cases Layout_large_cases_planogram_20250723_011249.png
2025-07-23 01:25:40,461 | INFO     | logger          | __init__             | Logging initialized. Log file: logs\planogram_20250723.log
2025-07-23 01:25:40,461 | INFO     | smart_accessory_optimizer | optimize             | Running smart accessory optimization for: cases
2025-07-23 01:25:40,463 | INFO     | smart_accessory_optimizer | _optimize_cases      | Optimizing iPhone cases with smart allocation...
2025-07-23 01:25:40,463 | INFO     | smart_accessory_optimizer | _allocate_walls_for_cases | Wall allocation strategy: ['cases_apple', 'cases_tpa', 'accessories']
2025-07-23 01:25:40,464 | INFO     | smart_accessory_optimizer | _balance_variants    | Balanced variants: ['iPhone 16 Pro Max', 'iPhone 16 Pro', 'iPhone 16 Plus', 'iPhone 16 Base', 'iPhone 16 Pro Max', 'iPhone 16 Pro Max', 'iPhone 16 Pro Max', 'iPhone 16 Pro Max', 'iPhone 16 Pro Max', 'iPhone 16 Pro Max']
2025-07-23 01:25:42,411 | INFO     | smart_accessory_optimizer | _generate_intelligent_cases_planogram | Generated intelligent cases planogram: output/Smart Cases Layout_large_cases_planogram_20250723_012540.png
2025-07-23 01:45:23,516 | INFO     | logger          | __init__             | Logging initialized. Log file: logs\planogram_20250723.log
2025-07-23 01:45:23,517 | INFO     | smart_accessory_optimizer | optimize             | Running smart accessory optimization for: cases
2025-07-23 01:45:23,518 | INFO     | smart_accessory_optimizer | _optimize_cases      | Optimizing iPhone cases with smart allocation...
2025-07-23 01:45:23,518 | INFO     | smart_accessory_optimizer | _allocate_walls_for_cases | Wall allocation strategy: ['cases_apple', 'cases_tpa', 'accessories']
2025-07-23 01:45:23,519 | INFO     | smart_accessory_optimizer | _balance_variants    | Balanced variants: ['iPhone 16 Pro Max', 'iPhone 16 Pro', 'iPhone 16 Plus', 'iPhone 16 Base', 'iPhone 16 Pro Max', 'iPhone 16 Pro Max', 'iPhone 16 Pro Max', 'iPhone 16 Pro Max', 'iPhone 16 Pro Max', 'iPhone 16 Pro Max']
2025-07-23 01:45:28,823 | INFO     | logger          | __init__             | Logging initialized. Log file: logs\planogram_20250723.log
2025-07-23 01:45:28,823 | INFO     | smart_accessory_optimizer | optimize             | Running smart accessory optimization for: cases
2025-07-23 01:45:28,824 | INFO     | smart_accessory_optimizer | _optimize_cases      | Optimizing iPhone cases with smart allocation...
2025-07-23 01:45:28,824 | INFO     | smart_accessory_optimizer | _allocate_walls_for_cases | Wall allocation strategy: ['cases_apple', 'cases_tpa', 'accessories']
2025-07-23 01:45:28,825 | INFO     | smart_accessory_optimizer | _balance_variants    | Balanced variants: ['iPhone 16 Pro Max', 'iPhone 16 Pro', 'iPhone 16 Plus', 'iPhone 16 Base', 'iPhone 16 Pro Max', 'iPhone 16 Pro Max', 'iPhone 16 Pro Max', 'iPhone 16 Pro Max', 'iPhone 16 Pro Max', 'iPhone 16 Pro Max']
2025-07-23 01:45:29,633 | INFO     | smart_accessory_optimizer | _generate_intelligent_cases_planogram | Generated intelligent cases planogram: output/Smart Cases Layout_large_cases_planogram_20250723_014528.png
2025-07-23 10:24:47,285 | INFO     | logger          | __init__             | Logging initialized. Log file: logs\planogram_20250723.log
2025-07-23 10:24:47,287 | INFO     | smart_accessory_optimizer | optimize             | Running smart accessory optimization for: cases
2025-07-23 10:24:47,288 | INFO     | smart_accessory_optimizer | _optimize_cases      | Optimizing iPhone cases with smart allocation...
2025-07-23 10:24:47,290 | INFO     | smart_accessory_optimizer | _allocate_walls_for_cases | Wall allocation strategy: ['cases_apple', 'cases_tpa', 'accessories']
2025-07-23 10:24:47,292 | INFO     | smart_accessory_optimizer | _balance_variants    | Balanced variants: ['iPhone 16 Pro Max', 'iPhone 16 Pro', 'iPhone 16 Plus', 'iPhone 16 Base', 'iPhone 16 Pro Max', 'iPhone 16 Pro Max', 'iPhone 16 Pro Max', 'iPhone 16 Pro Max', 'iPhone 16 Pro Max', 'iPhone 16 Pro Max']
2025-07-23 10:24:50,559 | INFO     | smart_accessory_optimizer | _generate_intelligent_cases_planogram | Generated intelligent cases planogram: output/Smart Cases Layout_large_cases_planogram_20250723_102447.png
2025-07-23 10:34:06,867 | INFO     | logger          | __init__             | Logging initialized. Log file: logs\planogram_20250723.log
2025-07-23 10:34:06,868 | INFO     | smart_accessory_optimizer | optimize             | Running smart accessory optimization for: cases
2025-07-23 10:34:06,869 | INFO     | smart_accessory_optimizer | _optimize_cases      | Optimizing iPhone cases with smart allocation...
2025-07-23 10:34:06,869 | INFO     | smart_accessory_optimizer | _allocate_walls_for_cases | Wall allocation strategy: ['cases_apple', 'cases_tpa', 'accessories']
2025-07-23 10:34:06,870 | INFO     | smart_accessory_optimizer | _balance_variants    | Balanced variants: ['iPhone 16 Pro Max', 'iPhone 16 Pro', 'iPhone 16 Plus', 'iPhone 16 Base', 'iPhone 16 Pro Max', 'iPhone 16 Pro Max', 'iPhone 16 Pro Max', 'iPhone 16 Pro Max', 'iPhone 16 Pro Max', 'iPhone 16 Pro Max']
2025-07-23 10:34:08,097 | INFO     | smart_accessory_optimizer | _generate_intelligent_cases_planogram | Generated intelligent cases planogram: output/Smart Cases Layout_large_cases_planogram_20250723_103406.png
2025-07-23 10:57:05,117 | INFO     | logger          | __init__             | Logging initialized. Log file: logs\planogram_20250723.log
2025-07-23 10:57:05,117 | INFO     | smart_accessory_optimizer | optimize             | Running smart accessory optimization for: cases
2025-07-23 10:57:05,118 | INFO     | smart_accessory_optimizer | _optimize_cases      | Optimizing iPhone cases with smart allocation...
2025-07-23 10:57:05,119 | INFO     | smart_accessory_optimizer | _allocate_walls_for_cases | Wall allocation strategy: ['cases_apple', 'cases_tpa', 'accessories']
2025-07-23 10:57:05,120 | INFO     | smart_accessory_optimizer | _balance_variants    | Balanced variants: ['iPhone 16 Pro Max', 'iPhone 16 Pro', 'iPhone 16 Plus', 'iPhone 16 Base', 'iPhone 16 Pro Max', 'iPhone 16 Pro Max', 'iPhone 16 Pro Max', 'iPhone 16 Pro Max', 'iPhone 16 Pro Max', 'iPhone 16 Pro Max']
2025-07-23 10:57:07,710 | ERROR    | smart_accessory_optimizer | _generate_intelligent_cases_planogram | Failed to generate intelligent planogram: [Errno 2] No such file or directory: 'output/Smart Cases Layout - Wall 1/3 (Apple Focus)_large_cases_planogram_20250723_105705.png'
2025-07-23 12:01:13,208 | INFO     | logger          | __init__             | Logging initialized. Log file: logs\planogram_20250723.log
2025-07-23 12:01:13,209 | INFO     | smart_accessory_optimizer | optimize             | Running smart accessory optimization for: cases
2025-07-23 12:01:13,210 | INFO     | smart_accessory_optimizer | _optimize_cases      | Optimizing iPhone cases with smart allocation...
2025-07-23 12:01:13,210 | INFO     | smart_accessory_optimizer | _allocate_walls_for_cases | Wall allocation strategy: ['cases_apple', 'cases_tpa', 'accessories']
2025-07-23 12:01:13,212 | INFO     | smart_accessory_optimizer | _balance_variants    | Balanced variants: ['iPhone 16 Pro Max', 'iPhone 16 Pro', 'iPhone 16 Plus', 'iPhone 16 Base', 'iPhone 16 Pro Max', 'iPhone 16 Pro Max', 'iPhone 16 Pro Max', 'iPhone 16 Pro Max', 'iPhone 16 Pro Max', 'iPhone 16 Pro Max']
2025-07-23 12:01:27,611 | ERROR    | smart_accessory_optimizer | _generate_intelligent_cases_planogram | Failed to generate intelligent planogram: 'planogram_image'
2025-07-23 13:07:53,574 | INFO     | logger          | __init__             | Logging initialized. Log file: logs\planogram_20250723.log
2025-07-23 13:07:53,574 | INFO     | smart_accessory_optimizer | optimize             | Running smart accessory optimization for: cases
2025-07-23 13:07:53,577 | INFO     | smart_accessory_optimizer | _optimize_cases      | Optimizing iPhone cases with smart allocation...
2025-07-23 13:07:53,578 | INFO     | smart_accessory_optimizer | _allocate_walls_for_cases | Wall allocation strategy: ['cases_apple', 'cases_tpa', 'accessories']
2025-07-23 13:07:53,579 | INFO     | smart_accessory_optimizer | _balance_variants    | Balanced variants: ['iPhone 16 Pro Max', 'iPhone 16 Pro', 'iPhone 16 Plus', 'iPhone 16 Base', 'iPhone 16 Pro Max', 'iPhone 16 Pro Max', 'iPhone 16 Pro Max', 'iPhone 16 Pro Max', 'iPhone 16 Pro Max', 'iPhone 16 Pro Max']
2025-07-23 13:08:08,669 | ERROR    | smart_accessory_optimizer | _generate_intelligent_cases_planogram | Failed to generate intelligent planogram: 'planogram_image'
2025-07-23 13:22:10,392 | INFO     | logger          | __init__             | Logging initialized. Log file: logs\planogram_20250723.log
2025-07-23 13:22:10,393 | INFO     | smart_accessory_optimizer | optimize             | Running smart accessory optimization for: cases
2025-07-23 13:22:10,395 | INFO     | smart_accessory_optimizer | _optimize_cases      | Optimizing iPhone cases with smart allocation...
2025-07-23 13:22:10,396 | INFO     | smart_accessory_optimizer | _allocate_walls_for_cases | Wall allocation strategy: ['cases_apple', 'cases_tpa', 'accessories']
2025-07-23 13:22:10,399 | INFO     | smart_accessory_optimizer | _balance_variants    | Balanced variants: ['iPhone 16 Pro Max', 'iPhone 16 Pro', 'iPhone 16 Plus', 'iPhone 16 Base', 'iPhone 16 Pro Max', 'iPhone 16 Pro Max', 'iPhone 16 Pro Max', 'iPhone 16 Pro Max', 'iPhone 16 Pro Max', 'iPhone 16 Pro Max']
2025-07-23 13:22:22,577 | ERROR    | smart_accessory_optimizer | _generate_intelligent_cases_planogram | Failed to generate intelligent planogram: 'planogram_image'
2025-07-23 13:28:16,770 | INFO     | logger          | __init__             | Logging initialized. Log file: logs\planogram_20250723.log
2025-07-23 13:28:16,771 | INFO     | smart_accessory_optimizer | optimize             | Running smart accessory optimization for: cases
2025-07-23 13:28:16,773 | INFO     | smart_accessory_optimizer | _optimize_cases      | Optimizing iPhone cases with smart allocation...
2025-07-23 13:28:16,774 | INFO     | smart_accessory_optimizer | _allocate_walls_for_cases | Wall allocation strategy: ['cases_apple', 'cases_tpa', 'accessories']
2025-07-23 13:28:16,776 | INFO     | smart_accessory_optimizer | _balance_variants    | Balanced variants: ['iPhone 16 Pro Max', 'iPhone 16 Pro', 'iPhone 16 Plus', 'iPhone 16 Base', 'iPhone 16 Pro Max', 'iPhone 16 Pro Max', 'iPhone 16 Pro Max', 'iPhone 16 Pro Max', 'iPhone 16 Pro Max', 'iPhone 16 Pro Max']
2025-07-23 13:28:24,820 | ERROR    | smart_accessory_optimizer | _generate_intelligent_cases_planogram | Failed to generate intelligent planogram: 'planogram_image'
2025-07-23 13:38:56,064 | INFO     | logger          | __init__             | Logging initialized. Log file: logs\planogram_20250723.log
2025-07-23 13:38:56,064 | INFO     | smart_accessory_optimizer | optimize             | Running smart accessory optimization for: cases
2025-07-23 13:38:56,065 | INFO     | smart_accessory_optimizer | _optimize_cases      | Optimizing iPhone cases with smart allocation...
2025-07-23 13:38:56,065 | INFO     | smart_accessory_optimizer | _allocate_walls_for_cases | Wall allocation strategy: ['cases_apple', 'cases_tpa', 'accessories']
2025-07-23 13:38:56,066 | INFO     | smart_accessory_optimizer | _balance_variants    | Balanced variants: ['iPhone 16 Pro Max', 'iPhone 16 Pro', 'iPhone 16 Plus', 'iPhone 16 Base', 'iPhone 16 Pro Max', 'iPhone 16 Pro Max', 'iPhone 16 Pro Max', 'iPhone 16 Pro Max', 'iPhone 16 Pro Max', 'iPhone 16 Pro Max']
2025-07-23 13:39:00,830 | ERROR    | smart_accessory_optimizer | _generate_intelligent_cases_planogram | Failed to generate intelligent planogram: 'planogram_image'
2025-07-23 13:42:55,279 | INFO     | logger          | __init__             | Logging initialized. Log file: logs\planogram_20250723.log
2025-07-23 13:42:55,280 | INFO     | smart_accessory_optimizer | optimize             | Running smart accessory optimization for: cases
2025-07-23 13:42:55,280 | INFO     | smart_accessory_optimizer | _optimize_cases      | Optimizing iPhone cases with smart allocation...
2025-07-23 13:42:55,281 | INFO     | smart_accessory_optimizer | _allocate_walls_for_cases | Wall allocation strategy: ['cases_apple', 'cases_tpa', 'accessories']
2025-07-23 13:42:55,281 | INFO     | smart_accessory_optimizer | _balance_variants    | Balanced variants: ['iPhone 16 Pro Max', 'iPhone 16 Pro', 'iPhone 16 Plus', 'iPhone 16 Base', 'iPhone 16 Pro Max', 'iPhone 16 Pro Max', 'iPhone 16 Pro Max', 'iPhone 16 Pro Max', 'iPhone 16 Pro Max', 'iPhone 16 Pro Max']
2025-07-23 13:43:00,045 | ERROR    | smart_accessory_optimizer | _generate_intelligent_cases_planogram | Failed to generate intelligent planogram: 'planogram_image'
2025-07-23 13:47:23,628 | INFO     | logger          | __init__             | Logging initialized. Log file: logs\planogram_20250723.log
2025-07-23 13:47:23,629 | INFO     | smart_accessory_optimizer | optimize             | Running smart accessory optimization for: cases
2025-07-23 13:47:23,630 | INFO     | smart_accessory_optimizer | _optimize_cases      | Optimizing iPhone cases with smart allocation...
2025-07-23 13:47:23,630 | INFO     | smart_accessory_optimizer | _allocate_walls_for_cases | Wall allocation strategy: ['cases_apple', 'cases_tpa', 'accessories']
2025-07-23 13:47:23,631 | INFO     | smart_accessory_optimizer | _balance_variants    | Balanced variants: ['iPhone 16 Pro Max', 'iPhone 16 Pro', 'iPhone 16 Plus', 'iPhone 16 Base', 'iPhone 16 Pro Max', 'iPhone 16 Pro Max', 'iPhone 16 Pro Max', 'iPhone 16 Pro Max', 'iPhone 16 Pro Max', 'iPhone 16 Pro Max']
2025-07-23 13:47:28,214 | ERROR    | smart_accessory_optimizer | _generate_intelligent_cases_planogram | Failed to generate intelligent planogram: 'planogram_image'
2025-07-23 13:53:59,580 | INFO     | logger          | __init__             | Logging initialized. Log file: logs\planogram_20250723.log
2025-07-23 13:53:59,582 | INFO     | smart_accessory_optimizer | optimize             | Running smart accessory optimization for: cases
2025-07-23 13:53:59,583 | INFO     | smart_accessory_optimizer | _optimize_cases      | Optimizing iPhone cases with smart allocation...
2025-07-23 13:53:59,584 | INFO     | smart_accessory_optimizer | _allocate_walls_for_cases | Wall allocation strategy: ['cases_apple', 'cases_tpa', 'accessories']
2025-07-23 13:53:59,584 | INFO     | smart_accessory_optimizer | _balance_variants    | Balanced variants: ['iPhone 16 Pro Max', 'iPhone 16 Pro', 'iPhone 16 Plus', 'iPhone 16 Base', 'iPhone 16 Pro Max', 'iPhone 16 Pro Max', 'iPhone 16 Pro Max', 'iPhone 16 Pro Max', 'iPhone 16 Pro Max', 'iPhone 16 Pro Max']
2025-07-23 13:54:06,463 | ERROR    | smart_accessory_optimizer | _generate_intelligent_cases_planogram | Failed to generate intelligent planogram: 'planogram_image'
2025-07-23 14:16:17,833 | INFO     | logger          | __init__             | Logging initialized. Log file: logs\planogram_20250723.log
2025-07-23 14:16:17,833 | INFO     | smart_accessory_optimizer | optimize             | Running smart accessory optimization for: cases
2025-07-23 14:16:17,834 | INFO     | smart_accessory_optimizer | _optimize_cases      | Optimizing iPhone cases with smart allocation...
2025-07-23 14:16:17,834 | INFO     | smart_accessory_optimizer | _allocate_walls_for_cases | Wall allocation strategy: ['cases_apple', 'cases_tpa', 'accessories']
2025-07-23 14:16:17,835 | INFO     | smart_accessory_optimizer | _balance_variants    | Balanced variants: ['iPhone 16 Pro Max', 'iPhone 16 Pro', 'iPhone 16 Plus', 'iPhone 16 Base', 'iPhone 16 Pro Max', 'iPhone 16 Pro Max', 'iPhone 16 Pro Max', 'iPhone 16 Pro Max', 'iPhone 16 Pro Max', 'iPhone 16 Pro Max']
2025-07-23 14:16:20,944 | INFO     | smart_accessory_optimizer | _generate_intelligent_cases_planogram | Generated intelligent cases planogram: 
2025-07-23 14:20:56,941 | INFO     | logger          | __init__             | Logging initialized. Log file: logs\planogram_20250723.log
2025-07-23 14:20:56,941 | INFO     | smart_accessory_optimizer | optimize             | Running smart accessory optimization for: cases
2025-07-23 14:20:56,942 | INFO     | smart_accessory_optimizer | _optimize_cases      | Optimizing iPhone cases with smart allocation...
2025-07-23 14:20:56,943 | INFO     | smart_accessory_optimizer | _allocate_walls_for_cases | Wall allocation strategy: ['cases_apple', 'cases_tpa', 'accessories']
2025-07-23 14:20:56,943 | INFO     | smart_accessory_optimizer | _balance_variants    | Balanced variants: ['iPhone 16 Pro Max', 'iPhone 16 Pro', 'iPhone 16 Plus', 'iPhone 16 Base', 'iPhone 16 Pro Max', 'iPhone 16 Pro Max', 'iPhone 16 Pro Max', 'iPhone 16 Pro Max', 'iPhone 16 Pro Max', 'iPhone 16 Pro Max']
2025-07-23 14:21:03,479 | INFO     | smart_accessory_optimizer | _generate_intelligent_cases_planogram | Generated intelligent cases planogram: 
2025-07-23 14:21:55,107 | INFO     | smart_accessory_optimizer | optimize             | Running smart accessory optimization for: cases
2025-07-23 14:21:55,108 | INFO     | smart_accessory_optimizer | _optimize_cases      | Optimizing iPhone cases with smart allocation...
2025-07-23 14:21:55,109 | INFO     | smart_accessory_optimizer | _allocate_walls_for_cases | Wall allocation strategy: ['cases_apple', 'cases_tpa', 'accessories']
2025-07-23 14:21:55,110 | INFO     | smart_accessory_optimizer | _balance_variants    | Balanced variants: ['iPhone 16 Pro Max', 'iPhone 16 Pro', 'iPhone 16 Plus', 'iPhone 16 Base', 'iPhone 16 Pro Max', 'iPhone 16 Pro Max', 'iPhone 16 Pro Max', 'iPhone 16 Pro Max', 'iPhone 16 Pro Max', 'iPhone 16 Pro Max']
2025-07-23 14:22:00,707 | INFO     | smart_accessory_optimizer | _generate_intelligent_cases_planogram | Generated intelligent cases planogram: 
2025-07-23 14:31:18,765 | INFO     | logger          | __init__             | Logging initialized. Log file: logs\planogram_20250723.log
2025-07-23 14:31:18,766 | INFO     | smart_accessory_optimizer | optimize             | Running smart accessory optimization for: cases
2025-07-23 14:31:18,767 | INFO     | smart_accessory_optimizer | _optimize_cases      | Optimizing iPhone cases with smart allocation...
2025-07-23 14:31:18,767 | INFO     | smart_accessory_optimizer | _allocate_walls_for_cases | Wall allocation strategy: ['cases_apple', 'cases_tpa', 'accessories']
2025-07-23 14:31:18,768 | INFO     | smart_accessory_optimizer | _balance_variants    | Balanced variants: ['iPhone 16 Pro Max', 'iPhone 16 Pro', 'iPhone 16 Plus', 'iPhone 16 Base', 'iPhone 16 Pro Max', 'iPhone 16 Pro Max', 'iPhone 16 Pro Max', 'iPhone 16 Pro Max', 'iPhone 16 Pro Max', 'iPhone 16 Pro Max']
2025-07-23 14:31:23,433 | INFO     | smart_accessory_optimizer | _generate_intelligent_cases_planogram | Generated intelligent cases planogram: 
2025-07-23 14:36:50,907 | INFO     | logger          | __init__             | Logging initialized. Log file: logs\planogram_20250723.log
2025-07-23 14:36:50,907 | INFO     | smart_accessory_optimizer | optimize             | Running smart accessory optimization for: cases
2025-07-23 14:36:50,908 | INFO     | smart_accessory_optimizer | _optimize_cases      | Optimizing iPhone cases with smart allocation...
2025-07-23 14:36:50,909 | INFO     | smart_accessory_optimizer | _allocate_walls_for_cases | Wall allocation strategy: ['cases_apple', 'cases_tpa', 'accessories']
2025-07-23 14:36:50,909 | INFO     | smart_accessory_optimizer | _balance_variants    | Balanced variants: ['iPhone 16 Pro Max', 'iPhone 16 Pro', 'iPhone 16 Plus', 'iPhone 16 Base', 'iPhone 16 Pro Max', 'iPhone 16 Pro Max', 'iPhone 16 Pro Max', 'iPhone 16 Pro Max', 'iPhone 16 Pro Max', 'iPhone 16 Pro Max']
2025-07-23 14:36:55,616 | INFO     | smart_accessory_optimizer | _generate_intelligent_cases_planogram | Generated intelligent cases planogram: 
2025-07-23 14:37:45,076 | INFO     | logger          | __init__             | Logging initialized. Log file: logs\planogram_20250723.log
2025-07-23 14:37:45,076 | INFO     | smart_accessory_optimizer | optimize             | Running smart accessory optimization for: cases
2025-07-23 14:37:45,077 | INFO     | smart_accessory_optimizer | _optimize_cases      | Optimizing iPhone cases with smart allocation...
2025-07-23 14:37:45,078 | INFO     | smart_accessory_optimizer | _allocate_walls_for_cases | Wall allocation strategy: ['cases_apple', 'cases_tpa', 'accessories']
2025-07-23 14:37:45,079 | INFO     | smart_accessory_optimizer | _balance_variants    | Balanced variants: ['iPhone 16 Pro Max', 'iPhone 16 Pro', 'iPhone 16 Plus', 'iPhone 16 Base', 'iPhone 16 Pro Max', 'iPhone 16 Pro Max', 'iPhone 16 Pro Max', 'iPhone 16 Pro Max', 'iPhone 16 Pro Max', 'iPhone 16 Pro Max']
2025-07-23 14:37:49,644 | INFO     | smart_accessory_optimizer | _generate_intelligent_cases_planogram | Generated intelligent cases planogram: 
2025-07-23 14:49:11,538 | INFO     | logger          | __init__             | Logging initialized. Log file: logs\planogram_20250723.log
2025-07-23 14:49:11,539 | INFO     | smart_accessory_optimizer | optimize             | Running smart accessory optimization for: cases
2025-07-23 14:49:11,539 | INFO     | smart_accessory_optimizer | _optimize_cases      | Optimizing iPhone cases with smart allocation...
2025-07-23 14:49:11,540 | INFO     | smart_accessory_optimizer | _allocate_walls_for_cases | Wall allocation strategy: ['cases_apple', 'cases_tpa', 'accessories']
2025-07-23 14:49:11,541 | INFO     | smart_accessory_optimizer | _balance_variants    | Balanced variants: ['iPhone 16 Pro Max', 'iPhone 16 Pro', 'iPhone 16 Plus', 'iPhone 16 Base', 'iPhone 16 Pro Max', 'iPhone 16 Pro Max', 'iPhone 16 Pro Max', 'iPhone 16 Pro Max', 'iPhone 16 Pro Max', 'iPhone 16 Pro Max']
2025-07-23 14:49:18,575 | INFO     | smart_accessory_optimizer | _generate_intelligent_cases_planogram | Generated intelligent cases planogram: 
2025-07-23 14:55:06,725 | INFO     | logger          | __init__             | Logging initialized. Log file: logs\planogram_20250723.log
2025-07-23 14:55:06,726 | INFO     | smart_accessory_optimizer | optimize             | Running smart accessory optimization for: cases
2025-07-23 14:55:06,726 | INFO     | smart_accessory_optimizer | _optimize_cases      | Optimizing iPhone cases with smart allocation...
2025-07-23 14:55:06,726 | INFO     | smart_accessory_optimizer | _allocate_walls_for_cases | Wall allocation strategy: ['cases_apple', 'cases_tpa', 'accessories']
2025-07-23 14:55:06,727 | INFO     | smart_accessory_optimizer | _balance_variants    | Balanced variants: ['iPhone 16 Pro Max', 'iPhone 16 Pro', 'iPhone 16 Plus', 'iPhone 16 Base', 'iPhone 16 Pro Max', 'iPhone 16 Pro Max', 'iPhone 16 Pro Max', 'iPhone 16 Pro Max', 'iPhone 16 Pro Max', 'iPhone 16 Pro Max']
2025-07-23 14:55:13,527 | INFO     | smart_accessory_optimizer | _generate_intelligent_cases_planogram | Generated intelligent cases planogram: 
2025-07-23 16:43:39,994 | INFO     | logger          | __init__             | Logging initialized. Log file: logs\planogram_20250723.log
2025-07-23 16:43:39,994 | INFO     | smart_accessory_optimizer | optimize             | Running smart accessory optimization for: cases
2025-07-23 16:43:39,995 | INFO     | smart_accessory_optimizer | _optimize_cases      | Optimizing iPhone cases with smart allocation...
2025-07-23 16:43:39,996 | INFO     | smart_accessory_optimizer | _allocate_walls_for_cases | Wall allocation strategy: ['cases_apple', 'cases_tpa', 'accessories']
2025-07-23 16:43:39,996 | INFO     | smart_accessory_optimizer | _balance_variants    | Balanced variants: ['iPhone 16 Pro Max', 'iPhone 16 Pro', 'iPhone 16 Plus', 'iPhone 16 Base', 'iPhone 16 Pro Max', 'iPhone 16 Pro Max', 'iPhone 16 Pro Max', 'iPhone 16 Pro Max', 'iPhone 16 Pro Max', 'iPhone 16 Pro Max']
2025-07-23 16:43:44,889 | INFO     | smart_accessory_optimizer | _generate_intelligent_cases_planogram | Generated intelligent cases planogram: 
2025-07-23 16:50:29,081 | INFO     | logger          | __init__             | Logging initialized. Log file: logs\planogram_20250723.log
2025-07-23 16:50:29,082 | INFO     | smart_accessory_optimizer | optimize             | Running smart accessory optimization for: cases
2025-07-23 16:50:29,082 | INFO     | smart_accessory_optimizer | _optimize_cases      | Optimizing iPhone cases with smart allocation...
2025-07-23 16:50:29,083 | INFO     | smart_accessory_optimizer | _allocate_walls_for_cases | Wall allocation strategy: ['cases_apple', 'cases_tpa', 'accessories']
2025-07-23 16:50:29,083 | INFO     | smart_accessory_optimizer | _balance_variants    | Balanced variants: ['iPhone 16 Pro Max', 'iPhone 16 Pro', 'iPhone 16 Plus', 'iPhone 16 Base', 'iPhone 16 Pro Max', 'iPhone 16 Pro Max', 'iPhone 16 Pro Max', 'iPhone 16 Pro Max', 'iPhone 16 Pro Max', 'iPhone 16 Pro Max']
2025-07-23 16:50:32,372 | INFO     | smart_accessory_optimizer | _generate_intelligent_cases_planogram | Generated intelligent cases planogram: 
